Archive member included because of file (symbol)

c:/Users/riedle/NDS/DEVKITPRO/libnds/lib\libnds9.a(console.o)
                              main.o (consoleDemoInit)
c:/Users/riedle/NDS/DEVKITPRO/libnds/lib\libnds9.a(initSystem.o)
                              c:/users/riedle/nds/devkitpro/devkitarm/bin/../lib/gcc/arm-none-eabi/4.7.1/../../../../arm-none-eabi/lib/thumb/ds_arm9_crt0.o (initSystem)
c:/Users/riedle/NDS/DEVKITPRO/libnds/lib\libnds9.a(fifosystem.o)
                              c:/Users/riedle/NDS/DEVKITPRO/libnds/lib\libnds9.a(initSystem.o) (fifoSendValue32)
c:/Users/riedle/NDS/DEVKITPRO/libnds/lib\libnds9.a(interrupts.o)
                              c:/Users/riedle/NDS/DEVKITPRO/libnds/lib\libnds9.a(fifosystem.o) (irqSet)
c:/Users/riedle/NDS/DEVKITPRO/libnds/lib\libnds9.a(libnds_exit.arm.o)
                              c:/users/riedle/nds/devkitpro/devkitarm/bin/../lib/gcc/arm-none-eabi/4.7.1/../../../../arm-none-eabi/lib/thumb/ds_arm9_crt0.o (__libnds_exit)
c:/Users/riedle/NDS/DEVKITPRO/libnds/lib\libnds9.a(mpu_setup.o)
                              c:/users/riedle/nds/devkitpro/devkitarm/bin/../lib/gcc/arm-none-eabi/4.7.1/../../../../arm-none-eabi/lib/thumb/ds_arm9_crt0.o (__libnds_mpu_setup)
c:/Users/riedle/NDS/DEVKITPRO/libnds/lib\libnds9.a(biosCalls.o)
                              c:/Users/riedle/NDS/DEVKITPRO/libnds/lib\libnds9.a(fifosystem.o) (swiIntrWait)
c:/Users/riedle/NDS/DEVKITPRO/libnds/lib\libnds9.a(debugprint.o)
                              c:/Users/riedle/NDS/DEVKITPRO/libnds/lib\libnds9.a(console.o) (nocashWrite)
c:/Users/riedle/NDS/DEVKITPRO/libnds/lib\libnds9.a(interruptDispatcher.o)
                              c:/Users/riedle/NDS/DEVKITPRO/libnds/lib\libnds9.a(interrupts.o) (IntrMain)
c:/Users/riedle/NDS/DEVKITPRO/libnds/lib\libnds9.a(swiSoftReset.o)
                              c:/Users/riedle/NDS/DEVKITPRO/libnds/lib\libnds9.a(fifosystem.o) (swiSoftReset)
c:/Users/riedle/NDS/DEVKITPRO/libnds/lib\libnds9.a(default_font.bin.o)
                              c:/Users/riedle/NDS/DEVKITPRO/libnds/lib\libnds9.a(console.o) (default_font_bin)
c:/Users/riedle/NDS/DEVKITPRO/libnds/lib\libnds9.a(background.o)
                              c:/Users/riedle/NDS/DEVKITPRO/libnds/lib\libnds9.a(console.o) (bgState)
c:/Users/riedle/NDS/DEVKITPRO/libnds/lib\libnds9.a(system.o)
                              c:/Users/riedle/NDS/DEVKITPRO/libnds/lib\libnds9.a(initSystem.o) (systemMsgHandler)
c:/Users/riedle/NDS/DEVKITPRO/libnds/lib\libnds9.a(trig.o)
                              c:/Users/riedle/NDS/DEVKITPRO/libnds/lib\libnds9.a(background.o) (sinLerp)
c:/Users/riedle/NDS/DEVKITPRO/libnds/lib\libnds9.a(video.o)
                              c:/Users/riedle/NDS/DEVKITPRO/libnds/lib\libnds9.a(initSystem.o) (vramDefault)
c:/users/riedle/nds/devkitpro/devkitarm/bin/../lib/gcc/arm-none-eabi/4.7.1/../../../../arm-none-eabi/lib/thumb\libstdc++.a(new_op.o)
                              main.o (operator new(unsigned int))
c:/users/riedle/nds/devkitpro/devkitarm/bin/../lib/gcc/arm-none-eabi/4.7.1/../../../../arm-none-eabi/lib/thumb\libstdc++.a(eh_call.o)
                              c:/users/riedle/nds/devkitpro/devkitarm/bin/../lib/gcc/arm-none-eabi/4.7.1/../../../../arm-none-eabi/lib/thumb\libstdc++.a(new_op.o) (__cxa_call_unexpected)
c:/users/riedle/nds/devkitpro/devkitarm/bin/../lib/gcc/arm-none-eabi/4.7.1/../../../../arm-none-eabi/lib/thumb\libstdc++.a(eh_personality.o)
                              c:/users/riedle/nds/devkitpro/devkitarm/bin/../lib/gcc/arm-none-eabi/4.7.1/../../../../arm-none-eabi/lib/thumb\libstdc++.a(new_op.o) (__gxx_personality_v0)
c:/users/riedle/nds/devkitpro/devkitarm/bin/../lib/gcc/arm-none-eabi/4.7.1/../../../../arm-none-eabi/lib/thumb\libstdc++.a(del_op.o)
                              main.o (operator delete(void*))
c:/users/riedle/nds/devkitpro/devkitarm/bin/../lib/gcc/arm-none-eabi/4.7.1/../../../../arm-none-eabi/lib/thumb\libstdc++.a(eh_terminate.o)
                              c:/users/riedle/nds/devkitpro/devkitarm/bin/../lib/gcc/arm-none-eabi/4.7.1/../../../../arm-none-eabi/lib/thumb\libstdc++.a(eh_call.o) (__cxxabiv1::__terminate(void (*)()))
c:/users/riedle/nds/devkitpro/devkitarm/bin/../lib/gcc/arm-none-eabi/4.7.1/../../../../arm-none-eabi/lib/thumb\libstdc++.a(eh_exception.o)
                              c:/users/riedle/nds/devkitpro/devkitarm/bin/../lib/gcc/arm-none-eabi/4.7.1/../../../../arm-none-eabi/lib/thumb\libstdc++.a(eh_call.o) (std::bad_exception::~bad_exception())
c:/users/riedle/nds/devkitpro/devkitarm/bin/../lib/gcc/arm-none-eabi/4.7.1/../../../../arm-none-eabi/lib/thumb\libstdc++.a(eh_alloc.o)
                              c:/users/riedle/nds/devkitpro/devkitarm/bin/../lib/gcc/arm-none-eabi/4.7.1/../../../../arm-none-eabi/lib/thumb\libstdc++.a(new_op.o) (__cxa_allocate_exception)
[...]
Memory Configuration

Name             Origin             Length             Attributes
rom              0x08000000         0x02000000
ewram            0x02000000         0x003ff000
dtcm             0x0b000000         0x00004000
vectors          0x01000000         0x00000100
itcm             0x01000100         0x00007f00
*default*        0x00000000         0xffffffff

Linker script and memory map

                0x01000000                __vectors_start = ORIGIN (vectors)
                0x01000100                __itcm_start = ORIGIN (itcm)
                0x023ff000                __ewram_end = (ORIGIN (ewram) + 0x3ff000)
                0x023ff000                __eheap_end = (ORIGIN (ewram) + 0x3ff000)
                0x0b000000                __dtcm_start = ORIGIN (dtcm)
                0x0b004000                __dtcm_top = (ORIGIN (dtcm) + 0x4000)
                0x0b003ff8                __irq_flags = (__dtcm_top - 0x8)
                0x0b003ffc                __irq_vector = (__dtcm_top - 0x4)
                0x0b003f00                __sp_svc = (__dtcm_top - 0x100)
                0x0b003e00                __sp_irq = (__sp_svc - 0x100)
                0x0b003d00                __sp_usr = (__sp_irq - 0x100)

.init           0x02000000      0x23c
                0x02000000                __text_start = .
 *(.init)
 .init          0x02000000      0x230 c:/users/riedle/nds/devkitpro/devkitarm/bin/../lib/gcc/arm-none-eabi/4.7.1/../../../../arm-none-eabi/lib/thumb/ds_arm9_crt0.o
                0x02000000                _start
 .init          0x02000230        0x4 c:/users/riedle/nds/devkitpro/devkitarm/bin/../lib/gcc/arm-none-eabi/4.7.1/thumb/crti.o
                0x02000230                _init
 .init          0x02000234        0x8 c:/users/riedle/nds/devkitpro/devkitarm/bin/../lib/gcc/arm-none-eabi/4.7.1/thumb/crtn.o
                0x0200023c                . = ALIGN (0x4)

.plt
 *(.plt)

.text           0x02000240    0x34078
 *(EXCLUDE_FILE(*.itcm*) .text)
 .text          0x02000240        0x0 c:/users/riedle/nds/devkitpro/devkitarm/bin/../lib/gcc/arm-none-eabi/4.7.1/../../../../arm-none-eabi/lib/thumb/ds_arm9_crt0.o
 .text          0x02000240        0x0 c:/users/riedle/nds/devkitpro/devkitarm/bin/../lib/gcc/arm-none-eabi/4.7.1/thumb/crti.o
 .text          0x02000240       0xd0 c:/users/riedle/nds/devkitpro/devkitarm/bin/../lib/gcc/arm-none-eabi/4.7.1/thumb/crtbegin.o
 .text          0x02000310       0x20 main.o
                0x02000310                lua_gettablevalue(lua_State*, int, int)
 .text          0x02000330     0x1128 lapi.o
                0x02000458                lua_checkstack
                0x020004b0                lua_xmove
                0x020004f0                lua_atpanic
                0x020004fc                lua_version
                0x02000514                lua_absindex
                0x02000534                lua_gettop
                0x02000544                lua_settop
                0x02000574                lua_remove
                0x020005bc                lua_insert
                0x02000600                lua_replace
                0x02000618                lua_copy
                0x02000630                lua_pushvalue
                0x0200064c                lua_type
                0x0200066c                lua_typename
                0x0200067c                lua_iscfunction
                0x02000698                lua_isnumber
                0x020006bc                lua_isstring
                0x020006d0                lua_isuserdata
                0x020006e8                lua_rawequal
                0x02000724                lua_arith
                0x02000794                lua_compare
                0x020007f8                lua_tonumberx
                0x02000840                lua_tointegerx
                0x0200087c                lua_tounsignedx
                0x020008e4                lua_toboolean
                0x02000904                lua_tolstring
                0x0200095c                lua_rawlen
                0x0200098c                lua_tocfunction
                0x020009ac                lua_touserdata
                0x020009d0                lua_tothread
                0x020009e4                lua_topointer
                0x02000a18                lua_pushnil
                0x02000a24                lua_pushnumber
                0x02000a38                lua_pushinteger
                0x02000a54                lua_pushunsigned
                0x02000a80                lua_pushlstring
                0x02000ab4                lua_pushstring
                0x02000af4                lua_pushvfstring
                0x02000b14                lua_pushfstring
                0x02000b40                lua_pushcclosure
                0x02000ba0                lua_pushboolean
                0x02000bb4                lua_pushlightuserdata
                0x02000bc4                lua_pushthread
                0x02000be0                lua_getglobal
                0x02000c1c                lua_gettable
                0x02000c34                lua_getfield
                0x02000c68                lua_rawget
                0x02000c8c                lua_rawgeti
                0x02000cb4                lua_rawgetp
                0x02000ce4                lua_createtable
                0x02000d24                lua_getmetatable
                0x02000d68                lua_getuservalue
                0x02000d8c                lua_setglobal
                0x02000dd0                lua_settable
                0x02000df0                lua_setfield
                0x02000e30                lua_rawset
                0x02000e88                lua_rawseti
                0x02000ecc                lua_rawsetp
                0x02000f2c                lua_setmetatable
                0x02000fb0                lua_setuservalue
                0x02000ff8                lua_getctx
                0x02001014                lua_callk
                0x02001064                lua_pcallk
                0x02001104                lua_load
                0x02001180                lua_dump
                0x020011ac                lua_status
                0x020011b0                lua_gc
                0x02001280                lua_error
                0x02001288                lua_next
                0x020012b0                lua_concat
                0x020012f4                lua_len
                0x02001310                lua_getallocf
                0x02001324                lua_setallocf
                0x0200132c                lua_newuserdata
                0x0200135c                lua_getupvalue
                0x02001394                lua_setupvalue
                0x020013ec                lua_upvalueid
                0x02001418                lua_upvaluejoin
 .text          0x02001458     0x1100 lauxlib.o
                0x020016f8                luaL_traceback
                0x020018b8                luaL_where
                0x02001900                luaL_error
                0x02001938                luaL_argerror
                0x02001a20                luaL_fileresult
                0x02001a7c                luaL_execresult
                0x02001ab8                luaL_newmetatable
                0x02001b08                luaL_setmetatable
                0x02001b24                luaL_testudata
                0x02001b78                luaL_checkudata
                0x02001b98                luaL_checkstack
                0x02001bc8                luaL_checktype
                0x02001be4                luaL_checkany
                0x02001c04                luaL_checklstring
                0x02001c24                luaL_optlstring
                0x02001c60                luaL_checkoption
                0x02001cc4                luaL_checknumber
                0x02001cf0                luaL_optnumber
                0x02001d14                luaL_checkinteger
                0x02001d3c                luaL_checkunsigned
                0x02001d64                luaL_optinteger
                0x02001d84                luaL_optunsigned
                0x02001da4                luaL_prepbuffsize
                0x02001e08                luaL_addlstring
                0x02001e28                luaL_addstring
                0x02001e40                luaL_pushresult
                0x02001e68                luaL_pushresultsize
                0x02001e78                luaL_addvalue
                0x02001ec0                luaL_buffinit
                0x02001ed4                luaL_buffinitsize
                0x02001ef4                luaL_ref
                0x02001f70                luaL_unref
                0x02001fa8                luaL_loadfilex
                0x02002100                luaL_loadbufferx
                0x0200211c                luaL_loadstring
                0x02002140                luaL_getmetafield
                0x02002190                luaL_callmeta
                0x020021cc                luaL_len
                0x02002208                luaL_tolstring
                0x020022ac                luaL_getsubtable
                0x02002300                luaL_requiref
                0x02002374                luaL_gsub
                0x020023f4                luaL_newstate
                0x02002418                luaL_checkversion_
                0x020024c8                luaL_setfuncs
 .text          0x02002558      0x9c8 lbaselib.o
                0x02002ebc                luaopen_base
 .text          0x02002f20      0x2e4 lbitlib.o
                0x020031e4                luaopen_bit32
 *fill*         0x02003204        0x4 ff
 .text          0x02003208     0x10d0 lcode.o
                0x020035e0                luaK_getlabel
                0x020035e8                luaK_patchclose
                0x02003640                luaK_concat
                0x02003688                luaK_patchtohere
                0x0200369c                luaK_patchlist
                0x020036b8                luaK_jump
                0x020036e4                luaK_codeABC
                0x020036fc                luaK_ret
                0x02003714                luaK_nil
                0x020037a4                luaK_codeABx
                0x020037b4                luaK_codek
                0x020037f0                luaK_checkstack
                0x02003818                luaK_reserveregs
                0x0200382c                luaK_stringK
                0x02003848                luaK_numberK
                0x020038d0                luaK_setreturns
                0x02003940                luaK_setoneret
                0x02003984                luaK_dischargevars
                0x02003c08                luaK_exp2nextreg
                0x02003c34                luaK_exp2anyreg
                0x02003c70                luaK_exp2anyregup
                0x02003c88                luaK_exp2val
                0x02003ca0                luaK_exp2RK
                0x02003ea0                luaK_storevar
                0x02003f14                luaK_self
                0x02003f64                luaK_goiftrue
                0x02003fbc                luaK_goiffalse
                0x02004004                luaK_indexed
                0x02004028                luaK_prefix
                0x0200413c                luaK_infix
                0x02004184                luaK_posfix
                0x02004268                luaK_fixline
                0x02004278                luaK_setlist
 .text          0x020042d8      0x294 lcorolib.o
                0x0200454c                luaopen_coroutine
 .text          0x0200456c        0x0 lctype.o
 .text          0x0200456c      0x984 ldblib.o
                0x02004ed0                luaopen_debug
 .text          0x02004ef0      0x914 ldebug.o
                0x020051dc                lua_sethook
                0x0200520c                lua_gethook
                0x02005210                lua_gethookmask
                0x02005218                lua_gethookcount
                0x0200521c                lua_getstack
                0x02005248                lua_getlocal
                0x02005294                lua_setlocal
                0x020052c8                lua_getinfo
                0x020055dc                luaG_errormsg
                0x02005648                luaG_runerror
                0x020056b8                luaG_ordererror
                0x020056f0                luaG_typeerror
                0x020057bc                luaG_aritherror
                0x020057e4                luaG_concaterror
 .text          0x02005804      0xa7c ldo.o
                0x02005854                luaD_throw
                0x0200599c                luaD_rawrunprotected
                0x020059e0                luaD_reallocstack
                0x02005aa4                luaD_growstack
                0x02005b00                luaD_shrinkstack
                0x02005b50                luaD_hook
                0x02005bd8                luaD_poscall
                0x02005cdc                luaD_precall
                0x02005fec                luaD_call
                0x02006064                lua_resume
                0x02006140                lua_yieldk
                0x02006198                luaD_pcall
                0x020061fc                luaD_protectedparser
 .text          0x02006280      0x290 ldump.o
                0x020064dc                luaU_dump
 .text          0x02006510      0x274 lfunc.o
                0x02006510                luaF_newCclosure
                0x0200652c                luaF_newLclosure
                0x02006560                luaF_newupval
                0x02006580                luaF_findupval
                0x020065f4                luaF_freeupval
                0x02006614                luaF_close
                0x02006690                luaF_newproto
                0x020066d4                luaF_freeproto
                0x02006740                luaF_getlocalname
 .text          0x02006784     0x1270 lgc.o
                0x020075ac                luaC_barrier_
                0x020075dc                luaC_barrierback_
                0x020075f0                luaC_barrierproto_
                0x0200761c                luaC_checkupvalcolor
                0x02007668                luaC_newobj
                0x020076a0                luaC_checkfinalizer
                0x0200773c                luaC_freeallobjects
                0x0200779c                luaC_runtilstate
                0x020077d4                luaC_changemode
                0x02007810                luaC_fullgc
                0x020078b8                luaC_forcestep
                0x020079d4                luaC_step
 .text          0x020079f4       0x4c linit.o
                0x020079f4                luaL_openlibs
 .text          0x02007a40      0xb78 liolib.o
                0x02008510                luaopen_io
 .text          0x020085b8      0xc68 llex.o
                0x020085b8                luaX_init
                0x020085e0                luaX_token2str
                0x020087b4                luaX_syntaxerror
                0x0200882c                luaX_newstring
                0x02009190                luaX_setinput
                0x020091e0                luaX_next
                0x02009210                luaX_lookahead
 .text          0x02009220      0x5e8 lmathlib.o
                0x020097a0                luaopen_math
 .text          0x02009808       0xf0 lmem.o
                0x02009808                luaM_toobig
                0x02009814                luaM_realloc_
                0x02009884                luaM_growaux_
 .text          0x020098f8      0x874 loadlib.o
                0x02009fe8                luaopen_package
 *fill*         0x0200a16c        0x4 ff
 .text          0x0200a170      0x6b0 lobject.o
                0x0200a19c                luaO_int2fb
                0x0200a1c0                luaO_fb2int
                0x0200a1d4                luaO_ceillog2
                0x0200a1f4                luaO_arith
                0x0200a29c                luaO_hexavalue
                0x0200a2b8                luaO_str2d
                0x0200a574                luaO_pushvfstring
                0x0200a724                luaO_pushfstring
                0x0200a740                luaO_chunkid
 .text          0x0200a820        0x0 lopcodes.o
 .text          0x0200a820      0x568 loslib.o
                0x0200ad68                luaopen_os
 .text          0x0200ad88     0x1f18 lparser.o
                0x0200cbd8                luaY_parser
 .text          0x0200cca0      0x3ac lstate.o
                0x0200cd78                luaE_setdebt
                0x0200cd88                luaE_extendCI
                0x0200cda4                luaE_freeCI
                0x0200ce3c                lua_newstate
                0x0200cfa4                lua_newthread
                0x0200d018                luaE_freethread
                0x0200d03c                lua_close
 .text          0x0200d04c      0x2d8 lstring.o
                0x0200d080                luaS_eqlngstr
                0x0200d0a4                luaS_eqstr
                0x0200d0cc                luaS_hash
                0x0200d0f8                luaS_resize
                0x0200d1c4                luaS_newlstr
                0x0200d2e0                luaS_new
                0x0200d2f8                luaS_newudata
 *fill*         0x0200d324        0x4 ff
 .text          0x0200d328     0x1438 lstrlib.o
                0x0200e6f0                luaopen_string
 .text          0x0200e760      0x9a0 ltable.o
                0x0200e8e8                luaH_next
                0x0200ea80                luaH_new
                0x0200eab0                luaH_free
                0x0200eaec                luaH_getint
                0x0200eb40                luaH_getstr
                0x0200eb74                luaH_get
                0x0200ec30                luaH_setint
                0x0200ec80                luaH_resize
                0x0200ee24                luaH_newkey
                0x0200f008                luaH_set
                0x0200f030                luaH_resizearray
                0x0200f054                luaH_getn
 .text          0x0200f100      0x5d0 ltablib.o
                0x0200f6b0                luaopen_table
 .text          0x0200f6d0       0xa4 ltm.o
                0x0200f6d0                luaT_init
                0x0200f710                luaT_gettm
                0x0200f734                luaT_gettmbyobj
 .text          0x0200f774      0x4dc lundump.o
                0x0200fb08                luaU_header
                0x0200fb44                luaU_undump
 .text          0x0200fc50     0x1840 lvm.o
                0x0200fdcc                luaV_tonumber
                0x0200fe08                luaV_tostring
                0x0200fe44                luaV_gettable
                0x0200ff14                luaV_settable
                0x02010028                luaV_lessthan
                0x0201008c                luaV_lessequal
                0x0201010c                luaV_equalobj_
                0x0201021c                luaV_concat
                0x020103f0                luaV_objlen
                0x02010480                luaV_arith
                0x020104f4                luaV_finishOp
                0x020105e0                luaV_execute
 .text          0x02011490       0xc8 lzio.o
                0x02011490                luaZ_fill
                0x020114c4                luaZ_init
                0x020114d4                luaZ_read
                0x02011528                luaZ_openspace
 .text          0x02011558      0xa4c c:/Users/riedle/NDS/DEVKITPRO/libnds/lib\libnds9.a(console.o)
                0x020115f8                nocash_write
                0x02011608                consoleGetDefault
                0x02011614                consoleSelect
                0x02011624                consoleDebugInit
                0x02011674                consolePrintChar
                0x02011840                consoleLoadFont
                0x02011ac8                consoleSetFont
                0x02011ae8                consoleInit
                0x02011c50                consoleDemoInit
                0x02011c94                con_write
                0x02011f70                consoleClear
                0x02011f80                consoleSetWindow
 .text          0x02011fa4      0x140 c:/Users/riedle/NDS/DEVKITPRO/libnds/lib\libnds9.a(initSystem.o)
                0x02011fa4                initSystem
 .text          0x020120e4      0xc58 c:/Users/riedle/NDS/DEVKITPRO/libnds/lib\libnds9.a(fifosystem.o)
                0x02012338                fifoSendAddress
                0x02012364                fifoSendValue32
                0x020123a4                fifoSendDatamsg
                0x02012414                fifoGetAddress
                0x0201248c                fifoSetAddressHandler
                0x02012500                fifoGetValue32
                0x02012574                fifoSetValue32Handler
                0x020125e8                fifoGetDatamsg
                0x02012a6c                fifoSetDatamsgHandler
                0x02012b04                fifoCheckAddress
                0x02012b28                fifoCheckDatamsg
                0x02012b4c                fifoCheckValue32
                0x02012b70                fifoInit
 .text          0x02012d3c      0x1ec c:/Users/riedle/NDS/DEVKITPRO/libnds/lib\libnds9.a(interrupts.o)
                0x02012d3c                irqDummy
                0x02012d40                irqSet
                0x02012dac                irqInit
                0x02012df8                irqInitHandler
                0x02012e28                irqEnable
                0x02012e8c                irqDisable
                0x02012ef0                irqClear
 .text          0x02012f28       0x58 c:/Users/riedle/NDS/DEVKITPRO/libnds/lib\libnds9.a(libnds_exit.arm.o)
                0x02012f28                systemErrorExit
                0x02012f2c                __libnds_exit
 .text          0x02012f80      0x1b4 c:/Users/riedle/NDS/DEVKITPRO/libnds/lib\libnds9.a(mpu_setup.o)
                0x02012f80                __libnds_mpu_setup
                0x020130c0                memCached
                0x020130d8                memUncached
 *fill*         0x02013134        0xc ff
 .text          0x02013140       0x70 c:/Users/riedle/NDS/DEVKITPRO/libnds/lib\libnds9.a(biosCalls.o)
                0x02013140                swiDelay
                0x02013144                swiIntrWait
                0x02013148                swiWaitForVBlank
                0x0201314c                swiSleep
                0x02013150                swiChangeSoundBias
                0x02013154                swiDivide
                0x02013158                swiRemainder
                0x0201315e                swiDivMod
                0x0201316a                swiCopy
                0x0201316e                swiFastCopy
                0x02013172                swiSqrt
                0x02013176                swiCRC16
                0x0201317a                swiIsDebugger
                0x0201317e                swiUnpackBits
                0x02013182                swiDecompressLZSSWram
                0x02013186                swiDecompressLZSSVramNTR
                0x0201318a                swiDecompressLZSSVramTWL
                0x0201318e                swiDecompressHuffman
                0x02013192                swiDecompressRLEWram
                0x02013196                swiDecompressRLEVram
                0x0201319a                swiWaitForIRQ
                0x0201319e                swiDecodeDelta8
                0x020131a2                swiDecodeDelta16
                0x020131a6                swiSetHaltCR
 .text          0x020131b0       0xa4 c:/Users/riedle/NDS/DEVKITPRO/libnds/lib\libnds9.a(debugprint.o)
                0x020131b0                nocashWrite
                0x020131b2                nocashMessage
 .text          0x02013254        0x0 c:/Users/riedle/NDS/DEVKITPRO/libnds/lib\libnds9.a(interruptDispatcher.o)
 *fill*         0x02013254        0xc ff
 .text          0x02013260       0x30 c:/Users/riedle/NDS/DEVKITPRO/libnds/lib\libnds9.a(swiSoftReset.o)
                0x02013260                swiSoftReset
 .text          0x02013290        0x0 c:/Users/riedle/NDS/DEVKITPRO/libnds/lib\libnds9.a(default_font.bin.o)
 .text          0x02013290      0x2e8 c:/Users/riedle/NDS/DEVKITPRO/libnds/lib\libnds9.a(background.o)
                0x02013290                bgIsText
                0x0201329c                checkIfText
                0x020132f4                bgUpdate
                0x020133e8                bgInit_call
                0x020134ac                bgInitSub_call
 .text          0x02013578      0x128 c:/Users/riedle/NDS/DEVKITPRO/libnds/lib\libnds9.a(system.o)
                0x02013578                setSDcallback
                0x02013584                systemMsgHandler
                0x020135c8                systemSleep
                0x020135e0                systemValueHandler
                0x0201361c                powerOn
                0x02013648                powerOff
                0x02013670                ledBlink
                0x02013680                getBatteryLevel
 .text          0x020136a0      0x244 c:/Users/riedle/NDS/DEVKITPRO/libnds/lib\libnds9.a(trig.o)
                0x020136a0                asinComp
                0x020136c8                sinLutLookup
                0x02013704                sinLerp
                0x0201373c                cosLerp
                0x02013750                tanLutLookup
                0x02013788                tanLerp
                0x0201382c                asinLerp
                0x020138a8                acosLerp
                0x020138bc                atanComp
 .text          0x020138e4      0x1f8 c:/Users/riedle/NDS/DEVKITPRO/libnds/lib\libnds9.a(video.o)
                0x020138e4                vramSetPrimaryBanks
                0x02013928                vramSetMainBanks
                0x0201396c                vramSetBanks_EFG
                0x020139a4                vramRestorePrimaryBanks
                0x020139b0                vramRestoreMainBanks
                0x020139bc                vramRestoreBanks_EFG
                0x020139c8                setBrightness
                0x02013a08                vramDefault
 .text          0x02013adc        0x0 c:/users/riedle/nds/devkitpro/devkitarm/bin/../lib/gcc/arm-none-eabi/4.7.1/../../../../arm-none-eabi/lib/thumb\libstdc++.a(new_op.o)
 .text          0x02013adc        0x0 c:/users/riedle/nds/devkitpro/devkitarm/bin/../lib/gcc/arm-none-eabi/4.7.1/../../../../arm-none-eabi/lib/thumb\libstdc++.a(eh_call.o)
 .text          0x02013adc        0x0 c:/users/riedle/nds/devkitpro/devkitarm/bin/../lib/gcc/arm-none-eabi/4.7.1/../../../../arm-none-eabi/lib/thumb\libstdc++.a(eh_personality.o)
 .text          0x02013adc        0x0 c:/users/riedle/nds/devkitpro/devkitarm/bin/../lib/gcc/arm-none-eabi/4.7.1/../../../../arm-none-eabi/lib/thumb\libstdc++.a(del_op.o)
 .text          0x02013adc        0x0 c:/users/riedle/nds/devkitpro/devkitarm/bin/../lib/gcc/arm-none-eabi/4.7.1/../../../../arm-none-eabi/lib/thumb\libstdc++.a(eh_terminate.o)
 .text          0x02013adc        0x0 c:/users/riedle/nds/devkitpro/devkitarm/bin/../lib/gcc/arm-none-eabi/4.7.1/../../../../arm-none-eabi/lib/thumb\libstdc++.a(eh_exception.o)
 .text          0x02013adc        0x0 c:/users/riedle/nds/devkitpro/devkitarm/bin/../lib/gcc/arm-none-eabi/4.7.1/../../../../arm-none-eabi/lib/thumb\libstdc++.a(eh_alloc.o)
 .text          0x02013adc        0x0 c:/users/riedle/nds/devkitpro/devkitarm/bin/../lib/gcc/arm-none-eabi/4.7.1/../../../../arm-none-eabi/lib/thumb\libstdc++.a(bad_alloc.o)
 .text          0x02013adc        0x0 c:/users/riedle/nds/devkitpro/devkitarm/bin/../lib/gcc/arm-none-eabi/4.7.1/../../../../arm-none-eabi/lib/thumb\libstdc++.a(class_type_info.o)
 .text          0x02013adc        0x0 c:/users/riedle/nds/devkitpro/devkitarm/bin/../lib/gcc/arm-none-eabi/4.7.1/../../../../arm-none-eabi/lib/thumb\libstdc++.a(new_handler.o)
 .text          0x02013adc        0x0 c:/users/riedle/nds/devkitpro/devkitarm/bin/../lib/gcc/arm-none-eabi/4.7.1/../../../../arm-none-eabi/lib/thumb\libstdc++.a(eh_arm.o)
 .text          0x02013adc        0x0 c:/users/riedle/nds/devkitpro/devkitarm/bin/../lib/gcc/arm-none-eabi/4.7.1/../../../../arm-none-eabi/lib/thumb\libstdc++.a(eh_throw.o)
 .text          0x02013adc        0x0 c:/users/riedle/nds/devkitpro/devkitarm/bin/../lib/gcc/arm-none-eabi/4.7.1/../../../../arm-none-eabi/lib/thumb\libstdc++.a(pure.o)
 .text          0x02013adc        0x0 c:/users/riedle/nds/devkitpro/devkitarm/bin/../lib/gcc/arm-none-eabi/4.7.1/../../../../arm-none-eabi/lib/thumb\libstdc++.a(eh_globals.o)
 .text          0x02013adc        0x0 c:/users/riedle/nds/devkitpro/devkitarm/bin/../lib/gcc/arm-none-eabi/4.7.1/../../../../arm-none-eabi/lib/thumb\libstdc++.a(eh_catch.o)
 .text          0x02013adc        0x0 c:/users/riedle/nds/devkitpro/devkitarm/bin/../lib/gcc/arm-none-eabi/4.7.1/../../../../arm-none-eabi/lib/thumb\libstdc++.a(si_class_type_info.o)
 .text          0x02013adc        0x0 c:/users/riedle/nds/devkitpro/devkitarm/bin/../lib/gcc/arm-none-eabi/4.7.1/../../../../arm-none-eabi/lib/thumb\libstdc++.a(eh_unex_handler.o)
 .text          0x02013adc        0x0 c:/users/riedle/nds/devkitpro/devkitarm/bin/../lib/gcc/arm-none-eabi/4.7.1/../../../../arm-none-eabi/lib/thumb\libstdc++.a(tinfo.o)
 .text          0x02013adc        0x0 c:/users/riedle/nds/devkitpro/devkitarm/bin/../lib/gcc/arm-none-eabi/4.7.1/../../../../arm-none-eabi/lib/thumb\libstdc++.a(eh_term_handler.o)
 .text          0x02013adc        0x0 c:/users/riedle/nds/devkitpro/devkitarm/bin/../lib/gcc/arm-none-eabi/4.7.1/../../../../arm-none-eabi/lib/thumb\libstdc++.a(vterminate.o)
 .text          0x02013adc        0x0 c:/users/riedle/nds/devkitpro/devkitarm/bin/../lib/gcc/arm-none-eabi/4.7.1/../../../../arm-none-eabi/lib/thumb\libstdc++.a(eh_type.o)
 .text          0x02013adc     0x5984 c:/users/riedle/nds/devkitpro/devkitarm/bin/../lib/gcc/arm-none-eabi/4.7.1/../../../../arm-none-eabi/lib/thumb\libstdc++.a(cp-demangle.o)
                0x0201936c                __cxa_demangle
                0x02019434                __gcclibcxx_demangle_callback
 .text          0x02019460      0x358 c:/users/riedle/nds/devkitpro/devkitarm/bin/../lib/gcc/arm-none-eabi/4.7.1/../../../../arm-none-eabi/lib/thumb\libm.a(lib_a-s_atan.o)
                0x02019460                atan
 .text          0x020197b8      0x150 c:/users/riedle/nds/devkitpro/devkitarm/bin/../lib/gcc/arm-none-eabi/4.7.1/../../../../arm-none-eabi/lib/thumb\libm.a(lib_a-s_ceil.o)
                0x020197b8                ceil
 .text          0x02019908       0xb0 c:/users/riedle/nds/devkitpro/devkitarm/bin/../lib/gcc/arm-none-eabi/4.7.1/../../../../arm-none-eabi/lib/thumb\libm.a(lib_a-s_cos.o)
                0x02019908                cos
 .text          0x020199b8        0x8 c:/users/riedle/nds/devkitpro/devkitarm/bin/../lib/gcc/arm-none-eabi/4.7.1/../../../../arm-none-eabi/lib/thumb\libm.a(lib_a-s_fabs.o)
                0x020199b8                fabs
 .text          0x020199c0      0x148 c:/users/riedle/nds/devkitpro/devkitarm/bin/../lib/gcc/arm-none-eabi/4.7.1/../../../../arm-none-eabi/lib/thumb\libm.a(lib_a-s_floor.o)
                0x020199c0                floor
 .text          0x02019b08       0x70 c:/users/riedle/nds/devkitpro/devkitarm/bin/../lib/gcc/arm-none-eabi/4.7.1/../../../../arm-none-eabi/lib/thumb\libm.a(lib_a-s_frexp.o)
                0x02019b08                frexp
 .text          0x02019b78       0x68 c:/users/riedle/nds/devkitpro/devkitarm/bin/../lib/gcc/arm-none-eabi/4.7.1/../../../../arm-none-eabi/lib/thumb\libm.a(lib_a-s_ldexp.o)
                0x02019b78                ldexp
 .text          0x02019be0       0x90 c:/users/riedle/nds/devkitpro/devkitarm/bin/../lib/gcc/arm-none-eabi/4.7.1/../../../../arm-none-eabi/lib/thumb\libm.a(lib_a-s_modf.o)
                0x02019be0                modf
 .text          0x02019c70      0x118 c:/users/riedle/nds/devkitpro/devkitarm/bin/../lib/gcc/arm-none-eabi/4.7.1/../../../../arm-none-eabi/lib/thumb\libm.a(lib_a-s_scalbn.o)
                0x02019c70                scalbn
 .text          0x02019d88       0xb0 c:/users/riedle/nds/devkitpro/devkitarm/bin/../lib/gcc/arm-none-eabi/4.7.1/../../../../arm-none-eabi/lib/thumb\libm.a(lib_a-s_sin.o)
                0x02019d88                sin
 .text          0x02019e38      0x128 c:/users/riedle/nds/devkitpro/devkitarm/bin/../lib/gcc/arm-none-eabi/4.7.1/../../../../arm-none-eabi/lib/thumb\libm.a(lib_a-s_tanh.o)
                0x02019e38                tanh
 .text          0x02019f60       0x70 c:/users/riedle/nds/devkitpro/devkitarm/bin/../lib/gcc/arm-none-eabi/4.7.1/../../../../arm-none-eabi/lib/thumb\libm.a(lib_a-s_tan.o)
                0x02019f60                tan
 .text          0x02019fd0       0xc0 c:/users/riedle/nds/devkitpro/devkitarm/bin/../lib/gcc/arm-none-eabi/4.7.1/../../../../arm-none-eabi/lib/thumb\libm.a(lib_a-w_acos.o)
                0x02019fd0                acos
 .text          0x0201a090       0xc0 c:/users/riedle/nds/devkitpro/devkitarm/bin/../lib/gcc/arm-none-eabi/4.7.1/../../../../arm-none-eabi/lib/thumb\libm.a(lib_a-w_asin.o)
                0x0201a090                asin
 .text          0x0201a150        0xc c:/users/riedle/nds/devkitpro/devkitarm/bin/../lib/gcc/arm-none-eabi/4.7.1/../../../../arm-none-eabi/lib/thumb\libm.a(lib_a-w_atan2.o)
                0x0201a150                atan2
 *fill*         0x0201a15c        0x4 ff
 .text          0x0201a160       0xd0 c:/users/riedle/nds/devkitpro/devkitarm/bin/../lib/gcc/arm-none-eabi/4.7.1/../../../../arm-none-eabi/lib/thumb\libm.a(lib_a-w_cosh.o)
                0x0201a160                cosh
 .text          0x0201a230      0x138 c:/users/riedle/nds/devkitpro/devkitarm/bin/../lib/gcc/arm-none-eabi/4.7.1/../../../../arm-none-eabi/lib/thumb\libm.a(lib_a-w_exp.o)
                0x0201a230                exp
 .text          0x0201a368       0xd0 c:/users/riedle/nds/devkitpro/devkitarm/bin/../lib/gcc/arm-none-eabi/4.7.1/../../../../arm-none-eabi/lib/thumb\libm.a(lib_a-w_fmod.o)
                0x0201a368                fmod
 .text          0x0201a438      0x108 c:/users/riedle/nds/devkitpro/devkitarm/bin/../lib/gcc/arm-none-eabi/4.7.1/../../../../arm-none-eabi/lib/thumb\libm.a(lib_a-w_log10.o)
                0x0201a438                log10
 .text          0x0201a540      0x108 c:/users/riedle/nds/devkitpro/devkitarm/bin/../lib/gcc/arm-none-eabi/4.7.1/../../../../arm-none-eabi/lib/thumb\libm.a(lib_a-w_log.o)
                0x0201a540                log
 .text          0x0201a648      0x408 c:/users/riedle/nds/devkitpro/devkitarm/bin/../lib/gcc/arm-none-eabi/4.7.1/../../../../arm-none-eabi/lib/thumb\libm.a(lib_a-w_pow.o)
                0x0201a648                pow
 .text          0x0201aa50       0xf8 c:/users/riedle/nds/devkitpro/devkitarm/bin/../lib/gcc/arm-none-eabi/4.7.1/../../../../arm-none-eabi/lib/thumb\libm.a(lib_a-w_sinh.o)
                0x0201aa50                sinh
 .text          0x0201ab48       0xc0 c:/users/riedle/nds/devkitpro/devkitarm/bin/../lib/gcc/arm-none-eabi/4.7.1/../../../../arm-none-eabi/lib/thumb\libm.a(lib_a-w_sqrt.o)
                0x0201ab48                sqrt
 .text          0x0201ac08      0x498 c:/users/riedle/nds/devkitpro/devkitarm/bin/../lib/gcc/arm-none-eabi/4.7.1/../../../../arm-none-eabi/lib/thumb\libm.a(lib_a-e_acos.o)
                0x0201ac08                __ieee754_acos
 .text          0x0201b0a0      0x448 c:/users/riedle/nds/devkitpro/devkitarm/bin/../lib/gcc/arm-none-eabi/4.7.1/../../../../arm-none-eabi/lib/thumb\libm.a(lib_a-e_asin.o)
                0x0201b0a0                __ieee754_asin
 .text          0x0201b4e8      0x1e8 c:/users/riedle/nds/devkitpro/devkitarm/bin/../lib/gcc/arm-none-eabi/4.7.1/../../../../arm-none-eabi/lib/thumb\libm.a(lib_a-e_atan2.o)
                0x0201b4e8                __ieee754_atan2
 .text          0x0201b6d0      0x170 c:/users/riedle/nds/devkitpro/devkitarm/bin/../lib/gcc/arm-none-eabi/4.7.1/../../../../arm-none-eabi/lib/thumb\libm.a(lib_a-e_cosh.o)
                0x0201b6d0                __ieee754_cosh
 .text          0x0201b840      0x318 c:/users/riedle/nds/devkitpro/devkitarm/bin/../lib/gcc/arm-none-eabi/4.7.1/../../../../arm-none-eabi/lib/thumb\libm.a(lib_a-e_exp.o)
                0x0201b840                __ieee754_exp
 .text          0x0201bb58      0x268 c:/users/riedle/nds/devkitpro/devkitarm/bin/../lib/gcc/arm-none-eabi/4.7.1/../../../../arm-none-eabi/lib/thumb\libm.a(lib_a-e_fmod.o)
                0x0201bb58                __ieee754_fmod
 .text          0x0201bdc0      0x140 c:/users/riedle/nds/devkitpro/devkitarm/bin/../lib/gcc/arm-none-eabi/4.7.1/../../../../arm-none-eabi/lib/thumb\libm.a(lib_a-e_log10.o)
                0x0201bdc0                __ieee754_log10
 .text          0x0201bf00      0x448 c:/users/riedle/nds/devkitpro/devkitarm/bin/../lib/gcc/arm-none-eabi/4.7.1/../../../../arm-none-eabi/lib/thumb\libm.a(lib_a-e_log.o)
                0x0201bf00                __ieee754_log
 .text          0x0201c348      0xb48 c:/users/riedle/nds/devkitpro/devkitarm/bin/../lib/gcc/arm-none-eabi/4.7.1/../../../../arm-none-eabi/lib/thumb\libm.a(lib_a-e_pow.o)
                0x0201c348                __ieee754_pow
 .text          0x0201ce90      0x480 c:/users/riedle/nds/devkitpro/devkitarm/bin/../lib/gcc/arm-none-eabi/4.7.1/../../../../arm-none-eabi/lib/thumb\libm.a(lib_a-e_rem_pio2.o)
                0x0201ce90                __ieee754_rem_pio2
 .text          0x0201d310      0x1b0 c:/users/riedle/nds/devkitpro/devkitarm/bin/../lib/gcc/arm-none-eabi/4.7.1/../../../../arm-none-eabi/lib/thumb\libm.a(lib_a-e_sinh.o)
                0x0201d310                __ieee754_sinh
 .text          0x0201d4c0      0x1c4 c:/users/riedle/nds/devkitpro/devkitarm/bin/../lib/gcc/arm-none-eabi/4.7.1/../../../../arm-none-eabi/lib/thumb\libm.a(lib_a-e_sqrt.o)
                0x0201d4c0                __ieee754_sqrt
 *fill*         0x0201d684        0x4 ff
 .text          0x0201d688      0x250 c:/users/riedle/nds/devkitpro/devkitarm/bin/../lib/gcc/arm-none-eabi/4.7.1/../../../../arm-none-eabi/lib/thumb\libm.a(lib_a-k_cos.o)
                0x0201d688                __kernel_cos
 .text          0x0201d8d8      0x870 c:/users/riedle/nds/devkitpro/devkitarm/bin/../lib/gcc/arm-none-eabi/4.7.1/../../../../arm-none-eabi/lib/thumb\libm.a(lib_a-k_rem_pio2.o)
                0x0201d8d8                __kernel_rem_pio2
 .text          0x0201e148      0x168 c:/users/riedle/nds/devkitpro/devkitarm/bin/../lib/gcc/arm-none-eabi/4.7.1/../../../../arm-none-eabi/lib/thumb\libm.a(lib_a-k_sin.o)
                0x0201e148                __kernel_sin
 .text          0x0201e2b0      0x3a8 c:/users/riedle/nds/devkitpro/devkitarm/bin/../lib/gcc/arm-none-eabi/4.7.1/../../../../arm-none-eabi/lib/thumb\libm.a(lib_a-k_tan.o)
                0x0201e2b0                __kernel_tan
 .text          0x0201e658       0x14 c:/users/riedle/nds/devkitpro/devkitarm/bin/../lib/gcc/arm-none-eabi/4.7.1/../../../../arm-none-eabi/lib/thumb\libm.a(lib_a-s_copysign.o)
                0x0201e658                copysign
 *fill*         0x0201e66c        0x4 ff
 .text          0x0201e670      0x4d0 c:/users/riedle/nds/devkitpro/devkitarm/bin/../lib/gcc/arm-none-eabi/4.7.1/../../../../arm-none-eabi/lib/thumb\libm.a(lib_a-s_expm1.o)
                0x0201e670                expm1
 .text          0x0201eb40       0x10 c:/users/riedle/nds/devkitpro/devkitarm/bin/../lib/gcc/arm-none-eabi/4.7.1/../../../../arm-none-eabi/lib/thumb\libm.a(lib_a-s_finite.o)
                0x0201eb40                finite
 .text          0x0201eb50       0x5c c:/users/riedle/nds/devkitpro/devkitarm/bin/../lib/gcc/arm-none-eabi/4.7.1/../../../../arm-none-eabi/lib/thumb\libm.a(lib_a-s_fpclassify.o)
                0x0201eb50                __fpclassifyd
 .text          0x0201ebac        0x0 c:/users/riedle/nds/devkitpro/devkitarm/bin/../lib/gcc/arm-none-eabi/4.7.1/../../../../arm-none-eabi/lib/thumb\libm.a(lib_a-s_lib_ver.o)
 .text          0x0201ebac        0x4 c:/users/riedle/nds/devkitpro/devkitarm/bin/../lib/gcc/arm-none-eabi/4.7.1/../../../../arm-none-eabi/lib/thumb\libm.a(lib_a-s_matherr.o)
                0x0201ebac                matherr
 .text          0x0201ebb0       0x10 c:/users/riedle/nds/devkitpro/devkitarm/bin/../lib/gcc/arm-none-eabi/4.7.1/../../../../arm-none-eabi/lib/thumb\libm.a(lib_a-s_nan.o)
                0x0201ebb0                nan
 .text          0x0201ebc0      0x128 c:/users/riedle/nds/devkitpro/devkitarm/bin/../lib/gcc/arm-none-eabi/4.7.1/../../../../arm-none-eabi/lib/thumb\libm.a(lib_a-s_rint.o)
                0x0201ebc0                rint
 .text          0x0201ece8      0x11c c:/users/riedle/nds/devkitpro/devkitarm/bin/../lib/gcc/arm-none-eabi/4.7.1/thumb\libgcc.a(_udivsi3.o)
                0x0201ece8                __aeabi_uidiv
                0x0201ece8                __udivsi3
                0x0201ede4                __aeabi_uidivmod
 .text          0x0201ee04      0x150 c:/users/riedle/nds/devkitpro/devkitarm/bin/../lib/gcc/arm-none-eabi/4.7.1/thumb\libgcc.a(_divsi3.o)
                0x0201ee04                __divsi3
                0x0201ee04                __aeabi_idiv
                0x0201ef34                __aeabi_idivmod
 .text          0x0201ef54        0x4 c:/users/riedle/nds/devkitpro/devkitarm/bin/../lib/gcc/arm-none-eabi/4.7.1/thumb\libgcc.a(_dvmd_tls.o)
                0x0201ef54                __aeabi_idiv0
                0x0201ef54                __aeabi_ldiv0
 .text          0x0201ef58      0x41c c:/users/riedle/nds/devkitpro/devkitarm/bin/../lib/gcc/arm-none-eabi/4.7.1/thumb\libgcc.a(_arm_addsubdf3.o)
                0x0201ef58                __aeabi_drsub
                0x0201ef60                __aeabi_dsub
                0x0201ef60                __subdf3
                0x0201ef64                __aeabi_dadd
                0x0201ef64                __adddf3
                0x0201f274                __floatunsidf
                0x0201f274                __aeabi_ui2d
                0x0201f298                __floatsidf
                0x0201f298                __aeabi_i2d
                0x0201f2c0                __aeabi_f2d
                0x0201f2c0                __extendsfdf2
                0x0201f300                __floatundidf
                0x0201f300                __aeabi_ul2d
                0x0201f314                __floatdidf
                0x0201f314                __aeabi_l2d
 .text          0x0201f374      0x49c c:/users/riedle/nds/devkitpro/devkitarm/bin/../lib/gcc/arm-none-eabi/4.7.1/thumb\libgcc.a(_arm_muldivdf3.o)
                0x0201f374                __aeabi_dmul
                0x0201f374                __muldf3
                0x0201f604                __divdf3
                0x0201f604                __aeabi_ddiv
 .text          0x0201f810      0x144 c:/users/riedle/nds/devkitpro/devkitarm/bin/../lib/gcc/arm-none-eabi/4.7.1/thumb\libgcc.a(_arm_cmpdf2.o)
                0x0201f810                __gtdf2
                0x0201f810                __gedf2
                0x0201f818                __ltdf2
                0x0201f818                __ledf2
                0x0201f820                __nedf2
                0x0201f820                __eqdf2
                0x0201f820                __cmpdf2
                0x0201f8a8                __aeabi_cdrcmple
                0x0201f8c4                __aeabi_cdcmpeq
                0x0201f8c4                __aeabi_cdcmple
                0x0201f8dc                __aeabi_dcmpeq
                0x0201f8f4                __aeabi_dcmplt
                0x0201f90c                __aeabi_dcmple
                0x0201f924                __aeabi_dcmpge
                0x0201f93c                __aeabi_dcmpgt
 .text          0x0201f954       0x5c c:/users/riedle/nds/devkitpro/devkitarm/bin/../lib/gcc/arm-none-eabi/4.7.1/thumb\libgcc.a(_arm_fixdfsi.o)
                0x0201f954                __aeabi_d2iz
                0x0201f954                __fixdfsi
 .text          0x0201f9b0       0x54 c:/users/riedle/nds/devkitpro/devkitarm/bin/../lib/gcc/arm-none-eabi/4.7.1/thumb\libgcc.a(_arm_fixunsdfsi.o)
                0x0201f9b0                __aeabi_d2uiz
                0x0201f9b0                __fixunsdfsi
 .text          0x0201fa04      0xab4 c:/users/riedle/nds/devkitpro/devkitarm/bin/../lib/gcc/arm-none-eabi/4.7.1/thumb\libgcc.a(unwind-arm.o)
                0x0201fd00                _Unwind_GetCFA
                0x0201fd04                __gnu_Unwind_RaiseException
                0x0201fd64                __gnu_Unwind_ForcedUnwind
                0x0201fd7c                __gnu_Unwind_Resume
                0x0201fdc4                __gnu_Unwind_Resume_or_Rethrow
                0x0201fde4                _Unwind_Complete
                0x0201fde8                _Unwind_DeleteException
                0x0201fe00                _Unwind_VRS_Get
                0x0201fe4c                _Unwind_VRS_Set
                0x020201a8                __aeabi_unwind_cpp_pr2
                0x020201b8                __aeabi_unwind_cpp_pr1
                0x020201c8                __aeabi_unwind_cpp_pr0
                0x020201d8                __gnu_Unwind_Backtrace
                0x0202024c                _Unwind_VRS_Pop
 .text          0x020204b8      0x1d8 c:/users/riedle/nds/devkitpro/devkitarm/bin/../lib/gcc/arm-none-eabi/4.7.1/thumb\libgcc.a(libunwind.o)
                0x020204b8                __restore_core_regs
                0x020204b8                restore_core_regs
                0x020204d4                __gnu_Unwind_Restore_VFP
                0x020204dc                __gnu_Unwind_Save_VFP
                0x020204e4                __gnu_Unwind_Restore_VFP_D
                0x020204ec                __gnu_Unwind_Save_VFP_D
                0x020204f4                __gnu_Unwind_Restore_VFP_D_16_to_31
                0x020204fc                __gnu_Unwind_Save_VFP_D_16_to_31
                0x02020504                __gnu_Unwind_Restore_WMMXD
                0x02020548                __gnu_Unwind_Save_WMMXD
                0x0202058c                __gnu_Unwind_Restore_WMMXC
                0x020205a0                __gnu_Unwind_Save_WMMXC
                0x020205b4                ___Unwind_RaiseException
                0x020205b4                _Unwind_RaiseException
                0x020205e0                _Unwind_Resume
                0x020205e0                ___Unwind_Resume
                0x0202060c                _Unwind_Resume_or_Rethrow
                0x0202060c                ___Unwind_Resume_or_Rethrow
                0x02020638                _Unwind_ForcedUnwind
                0x02020638                ___Unwind_ForcedUnwind
                0x02020664                ___Unwind_Backtrace
                0x02020664                _Unwind_Backtrace
 .text          0x02020690      0x3e0 c:/users/riedle/nds/devkitpro/devkitarm/bin/../lib/gcc/arm-none-eabi/4.7.1/thumb\libgcc.a(pr-support.o)
                0x020206ec                __gnu_unwind_execute
                0x02020a0c                __gnu_unwind_frame
                0x02020a38                _Unwind_GetRegionStart
                0x02020a48                _Unwind_GetLanguageSpecificData
                0x02020a60                _Unwind_GetDataRelBase
                0x02020a68                _Unwind_GetTextRelBase
 .text          0x02020a70       0x10 c:/users/riedle/nds/devkitpro/devkitarm/bin/../lib/gcc/arm-none-eabi/4.7.1/../../../../arm-none-eabi/lib/thumb\libg.a(lib_a-abort.o)
                0x02020a70                abort
 .text          0x02020a80       0x64 c:/users/riedle/nds/devkitpro/devkitarm/bin/../lib/gcc/arm-none-eabi/4.7.1/../../../../arm-none-eabi/lib/thumb\libg.a(lib_a-bsearch.o)
                0x02020a80                bsearch
 .text          0x02020ae4       0x2c c:/users/riedle/nds/devkitpro/devkitarm/bin/../lib/gcc/arm-none-eabi/4.7.1/../../../../arm-none-eabi/lib/thumb\libg.a(lib_a-clock.o)
                0x02020ae4                clock
 .text          0x02020b10       0x10 c:/users/riedle/nds/devkitpro/devkitarm/bin/../lib/gcc/arm-none-eabi/4.7.1/../../../../arm-none-eabi/lib/thumb\libg.a(lib_a-ctype_.o)
                0x02020b10                __set_ctype
 .text          0x02020b20       0x10 c:/users/riedle/nds/devkitpro/devkitarm/bin/../lib/gcc/arm-none-eabi/4.7.1/../../../../arm-none-eabi/lib/thumb\libg.a(lib_a-difftime.o)
                0x02020b20                difftime
 .text          0x02020b30        0xc c:/users/riedle/nds/devkitpro/devkitarm/bin/../lib/gcc/arm-none-eabi/4.7.1/../../../../arm-none-eabi/lib/thumb\libg.a(lib_a-errno.o)
                0x02020b30                __errno
 .text          0x02020b3c       0x28 c:/users/riedle/nds/devkitpro/devkitarm/bin/../lib/gcc/arm-none-eabi/4.7.1/../../../../arm-none-eabi/lib/thumb\libg.a(lib_a-exit.o)
                0x02020b3c                exit
 .text          0x02020b64       0xb0 c:/users/riedle/nds/devkitpro/devkitarm/bin/../lib/gcc/arm-none-eabi/4.7.1/../../../../arm-none-eabi/lib/thumb\libg.a(lib_a-fclose.o)
                0x02020b64                _fclose_r
                0x02020bf8                fclose
 .text          0x02020c14      0x1b8 c:/users/riedle/nds/devkitpro/devkitarm/bin/../lib/gcc/arm-none-eabi/4.7.1/../../../../arm-none-eabi/lib/thumb\libg.a(lib_a-fflush.o)
                0x02020c14                __sflush_r
                0x02020d6c                _fflush_r
                0x02020d9c                fflush
 .text          0x02020dcc       0xd0 c:/users/riedle/nds/devkitpro/devkitarm/bin/../lib/gcc/arm-none-eabi/4.7.1/../../../../arm-none-eabi/lib/thumb\libg.a(lib_a-fgets.o)
                0x02020dcc                _fgets_r
                0x02020e7c                fgets
 .text          0x02020e9c      0x1d8 c:/users/riedle/nds/devkitpro/devkitarm/bin/../lib/gcc/arm-none-eabi/4.7.1/../../../../arm-none-eabi/lib/thumb\libg.a(lib_a-findfp.o)
                0x02020ea4                _cleanup_r
                0x02020f04                __sfmoreglue
                0x02020f34                _cleanup
                0x02020f48                __sinit
                0x02020f9c                __sfp
                0x0202102c                __sfp_lock_acquire
                0x02021030                __sfp_lock_release
                0x02021034                __sinit_lock_acquire
                0x02021038                __sinit_lock_release
                0x0202103c                __fp_lock_all
                0x02021058                __fp_unlock_all
 .text          0x02021074       0xa8 c:/users/riedle/nds/devkitpro/devkitarm/bin/../lib/gcc/arm-none-eabi/4.7.1/../../../../arm-none-eabi/lib/thumb\libg.a(lib_a-fopen.o)
                0x02021074                _fopen_r
                0x02021100                fopen
 .text          0x0202111c       0x3c c:/users/riedle/nds/devkitpro/devkitarm/bin/../lib/gcc/arm-none-eabi/4.7.1/../../../../arm-none-eabi/lib/thumb\libg.a(lib_a-fprintf.o)
                0x0202111c                _fprintf_r
                0x02021134                fprintf
 .text          0x02021158       0x54 c:/users/riedle/nds/devkitpro/devkitarm/bin/../lib/gcc/arm-none-eabi/4.7.1/../../../../arm-none-eabi/lib/thumb\libg.a(lib_a-fputc.o)
                0x02021158                _fputc_r
                0x02021180                fputc
 .text          0x020211ac       0x78 c:/users/riedle/nds/devkitpro/devkitarm/bin/../lib/gcc/arm-none-eabi/4.7.1/../../../../arm-none-eabi/lib/thumb\libg.a(lib_a-fputs.o)
                0x020211ac                _fputs_r
                0x02021208                fputs
 .text          0x02021224      0x190 c:/users/riedle/nds/devkitpro/devkitarm/bin/../lib/gcc/arm-none-eabi/4.7.1/../../../../arm-none-eabi/lib/thumb\libg.a(lib_a-fread.o)
                0x02021224                _fread_r
                0x0202138c                fread
 .text          0x020213b4      0x238 c:/users/riedle/nds/devkitpro/devkitarm/bin/../lib/gcc/arm-none-eabi/4.7.1/../../../../arm-none-eabi/lib/thumb\libg.a(lib_a-freer.o)
                0x020213b4                _malloc_trim_r
                0x02021458                _free_r
 .text          0x020215ec      0x178 c:/users/riedle/nds/devkitpro/devkitarm/bin/../lib/gcc/arm-none-eabi/4.7.1/../../../../arm-none-eabi/lib/thumb\libg.a(lib_a-freopen.o)
                0x020215ec                _freopen_r
                0x02021740                freopen
 .text          0x02021764       0x3c c:/users/riedle/nds/devkitpro/devkitarm/bin/../lib/gcc/arm-none-eabi/4.7.1/../../../../arm-none-eabi/lib/thumb\libg.a(lib_a-fscanf.o)
                0x02021764                fscanf
                0x02021788                _fscanf_r
 .text          0x020217a0      0x328 c:/users/riedle/nds/devkitpro/devkitarm/bin/../lib/gcc/arm-none-eabi/4.7.1/../../../../arm-none-eabi/lib/thumb\libg.a(lib_a-fseek.o)
                0x020217a0                _fseek_r
                0x02021aa4                fseek
 .text          0x02021ac8       0x9c c:/users/riedle/nds/devkitpro/devkitarm/bin/../lib/gcc/arm-none-eabi/4.7.1/../../../../arm-none-eabi/lib/thumb\libg.a(lib_a-ftell.o)
                0x02021ac8                _ftell_r
                0x02021b48                ftell
 .text          0x02021b64      0x2fc c:/users/riedle/nds/devkitpro/devkitarm/bin/../lib/gcc/arm-none-eabi/4.7.1/../../../../arm-none-eabi/lib/thumb\libg.a(lib_a-fvwrite.o)
                0x02021b64                __sfvwrite_r
 .text          0x02021e60       0xb4 c:/users/riedle/nds/devkitpro/devkitarm/bin/../lib/gcc/arm-none-eabi/4.7.1/../../../../arm-none-eabi/lib/thumb\libg.a(lib_a-fwalk.o)
                0x02021e60                _fwalk
                0x02021eb4                _fwalk_reent
 .text          0x02021f14       0x9c c:/users/riedle/nds/devkitpro/devkitarm/bin/../lib/gcc/arm-none-eabi/4.7.1/../../../../arm-none-eabi/lib/thumb\libg.a(lib_a-fwrite.o)
                0x02021f14                _fwrite_r
                0x02021f88                fwrite
 .text          0x02021fb0       0x38 c:/users/riedle/nds/devkitpro/devkitarm/bin/../lib/gcc/arm-none-eabi/4.7.1/../../../../arm-none-eabi/lib/thumb\libg.a(lib_a-getenv.o)
                0x02021fb0                _findenv
                0x02021fcc                getenv
 .text          0x02021fe8       0xa8 c:/users/riedle/nds/devkitpro/devkitarm/bin/../lib/gcc/arm-none-eabi/4.7.1/../../../../arm-none-eabi/lib/thumb\libg.a(lib_a-getenv_r.o)
                0x02021fe8                _findenv_r
                0x02022080                _getenv_r
 .text          0x02022090       0x18 c:/users/riedle/nds/devkitpro/devkitarm/bin/../lib/gcc/arm-none-eabi/4.7.1/../../../../arm-none-eabi/lib/thumb\libg.a(lib_a-gmtime.o)
                0x02022090                gmtime
 .text          0x020220a8       0x10 c:/users/riedle/nds/devkitpro/devkitarm/bin/../lib/gcc/arm-none-eabi/4.7.1/../../../../arm-none-eabi/lib/thumb\libg.a(lib_a-gmtime_r.o)
                0x020220a8                gmtime_r
 .text          0x020220b8        0x0 c:/users/riedle/nds/devkitpro/devkitarm/bin/../lib/gcc/arm-none-eabi/4.7.1/../../../../arm-none-eabi/lib/thumb\libg.a(lib_a-impure.o)
 .text          0x020220b8       0x54 c:/users/riedle/nds/devkitpro/devkitarm/bin/../lib/gcc/arm-none-eabi/4.7.1/../../../../arm-none-eabi/lib/thumb\libg.a(lib_a-init.o)
                0x020220b8                __libc_init_array
 .text          0x0202210c       0x40 c:/users/riedle/nds/devkitpro/devkitarm/bin/../lib/gcc/arm-none-eabi/4.7.1/../../../../arm-none-eabi/lib/thumb\libg.a(lib_a-iprintf.o)
                0x0202210c                iprintf
                0x02022130                _iprintf_r
 .text          0x0202214c       0x18 c:/users/riedle/nds/devkitpro/devkitarm/bin/../lib/gcc/arm-none-eabi/4.7.1/../../../../arm-none-eabi/lib/thumb\libg.a(lib_a-lcltime.o)
                0x0202214c                localtime
 .text          0x02022164       0x10 c:/users/riedle/nds/devkitpro/devkitarm/bin/../lib/gcc/arm-none-eabi/4.7.1/../../../../arm-none-eabi/lib/thumb\libg.a(lib_a-lcltime_r.o)
                0x02022164                localtime_r
 .text          0x02022174      0x950 c:/users/riedle/nds/devkitpro/devkitarm/bin/../lib/gcc/arm-none-eabi/4.7.1/../../../../arm-none-eabi/lib/thumb\libg.a(lib_a-locale.o)
                0x02022868                _setlocale_r
                0x02022a64                __locale_charset
                0x02022a6c                __locale_mb_cur_max
                0x02022a78                __locale_msgcharset
                0x02022a84                __locale_cjk_lang
                0x02022a90                _localeconv_r
                0x02022a9c                setlocale
                0x02022ab8                localeconv
 .text          0x02022ac4       0xe0 c:/users/riedle/nds/devkitpro/devkitarm/bin/../lib/gcc/arm-none-eabi/4.7.1/../../../../arm-none-eabi/lib/thumb\libg.a(lib_a-makebuf.o)
                0x02022ac4                __smakebuf_r
 .text          0x02022ba4       0x30 c:/users/riedle/nds/devkitpro/devkitarm/bin/../lib/gcc/arm-none-eabi/4.7.1/../../../../arm-none-eabi/lib/thumb\libg.a(lib_a-malloc.o)
                0x02022ba4                malloc
                0x02022bbc                free
 .text          0x02022bd4      0x51c c:/users/riedle/nds/devkitpro/devkitarm/bin/../lib/gcc/arm-none-eabi/4.7.1/../../../../arm-none-eabi/lib/thumb\libg.a(lib_a-mallocr.o)
                0x02022bd4                _malloc_r
 .text          0x020230f0      0x584 c:/users/riedle/nds/devkitpro/devkitarm/bin/../lib/gcc/arm-none-eabi/4.7.1/../../../../arm-none-eabi/lib/thumb\libg.a(lib_a-mbtowc_r.o)
                0x020230f0                __utf8_mbtowc
                0x02023350                _mbtowc_r
                0x0202338c                __ascii_mbtowc
                0x020233bc                __sjis_mbtowc
                0x0202347c                __eucjp_mbtowc
                0x02023544                __jis_mbtowc
 .text          0x02023674       0x98 c:/users/riedle/nds/devkitpro/devkitarm/bin/../lib/gcc/arm-none-eabi/4.7.1/../../../../arm-none-eabi/lib/thumb\libg.a(lib_a-memchr-stub.o)
                0x02023674                memchr
 .text          0x0202370c       0x60 c:/users/riedle/nds/devkitpro/devkitarm/bin/../lib/gcc/arm-none-eabi/4.7.1/../../../../arm-none-eabi/lib/thumb\libg.a(lib_a-memcmp.o)
                0x0202370c                memcmp
 .text          0x0202376c       0x90 c:/users/riedle/nds/devkitpro/devkitarm/bin/../lib/gcc/arm-none-eabi/4.7.1/../../../../arm-none-eabi/lib/thumb\libg.a(lib_a-memcpy-stub.o)
                0x0202376c                memcpy
 .text          0x020237fc       0xb0 c:/users/riedle/nds/devkitpro/devkitarm/bin/../lib/gcc/arm-none-eabi/4.7.1/../../../../arm-none-eabi/lib/thumb\libg.a(lib_a-memmove.o)
                0x020237fc                memmove
 .text          0x020238ac       0x98 c:/users/riedle/nds/devkitpro/devkitarm/bin/../lib/gcc/arm-none-eabi/4.7.1/../../../../arm-none-eabi/lib/thumb\libg.a(lib_a-memset.o)
                0x020238ac                memset
 .text          0x02023944      0x508 c:/users/riedle/nds/devkitpro/devkitarm/bin/../lib/gcc/arm-none-eabi/4.7.1/../../../../arm-none-eabi/lib/thumb\libg.a(lib_a-mktime.o)
                0x02023b18                mktime
 .text          0x02023e4c      0x498 c:/users/riedle/nds/devkitpro/devkitarm/bin/../lib/gcc/arm-none-eabi/4.7.1/../../../../arm-none-eabi/lib/thumb\libg.a(lib_a-mktm_r.o)
                0x02023e4c                __tzcalc_limits
                0x02023fe8                _mktm_r
 .text          0x020242e4        0x8 c:/users/riedle/nds/devkitpro/devkitarm/bin/../lib/gcc/arm-none-eabi/4.7.1/../../../../arm-none-eabi/lib/thumb\libg.a(lib_a-mlock.o)
                0x020242e4                __malloc_lock
                0x020242e8                __malloc_unlock
 .text          0x020242ec       0x40 c:/users/riedle/nds/devkitpro/devkitarm/bin/../lib/gcc/arm-none-eabi/4.7.1/../../../../arm-none-eabi/lib/thumb\libg.a(lib_a-printf.o)
                0x020242ec                _printf_r
                0x02024308                printf
 .text          0x0202432c       0xc4 c:/users/riedle/nds/devkitpro/devkitarm/bin/../lib/gcc/arm-none-eabi/4.7.1/../../../../arm-none-eabi/lib/thumb\libg.a(lib_a-putc.o)
                0x0202432c                _putc_r
                0x0202438c                putc
 .text          0x020243f0       0x50 c:/users/riedle/nds/devkitpro/devkitarm/bin/../lib/gcc/arm-none-eabi/4.7.1/../../../../arm-none-eabi/lib/thumb\libg.a(lib_a-rand.o)
                0x020243f0                srand
                0x02024404                rand
 .text          0x02024440       0x1c c:/users/riedle/nds/devkitpro/devkitarm/bin/../lib/gcc/arm-none-eabi/4.7.1/../../../../arm-none-eabi/lib/thumb\libg.a(lib_a-realloc.o)
                0x02024440                realloc
 .text          0x0202445c      0x3e8 c:/users/riedle/nds/devkitpro/devkitarm/bin/../lib/gcc/arm-none-eabi/4.7.1/../../../../arm-none-eabi/lib/thumb\libg.a(lib_a-reallocr.o)
                0x0202445c                _realloc_r
 .text          0x02024844      0x144 c:/users/riedle/nds/devkitpro/devkitarm/bin/../lib/gcc/arm-none-eabi/4.7.1/../../../../arm-none-eabi/lib/thumb\libg.a(lib_a-refill.o)
                0x02024864                __srefill_r
 .text          0x02024988       0x2c c:/users/riedle/nds/devkitpro/devkitarm/bin/../lib/gcc/arm-none-eabi/4.7.1/../../../../arm-none-eabi/lib/thumb\libg.a(lib_a-remove.o)
                0x02024988                _remove_r
                0x0202499c                remove
 .text          0x020249b4       0x1c c:/users/riedle/nds/devkitpro/devkitarm/bin/../lib/gcc/arm-none-eabi/4.7.1/../../../../arm-none-eabi/lib/thumb\libg.a(lib_a-rename.o)
                0x020249b4                rename
 .text          0x020249d0       0x54 c:/users/riedle/nds/devkitpro/devkitarm/bin/../lib/gcc/arm-none-eabi/4.7.1/../../../../arm-none-eabi/lib/thumb\libg.a(lib_a-rget.o)
                0x020249d0                __srget_r
                0x02024a0c                __srget
 .text          0x02024a24       0x34 c:/users/riedle/nds/devkitpro/devkitarm/bin/../lib/gcc/arm-none-eabi/4.7.1/../../../../arm-none-eabi/lib/thumb\libg.a(lib_a-setjmp.o)
                0x02024a24                setjmp
                0x02024a3c                longjmp
 .text          0x02024a58      0x120 c:/users/riedle/nds/devkitpro/devkitarm/bin/../lib/gcc/arm-none-eabi/4.7.1/../../../../arm-none-eabi/lib/thumb\libg.a(lib_a-setvbuf.o)
                0x02024a58                setvbuf
 .text          0x02024b78      0x198 c:/users/riedle/nds/devkitpro/devkitarm/bin/../lib/gcc/arm-none-eabi/4.7.1/../../../../arm-none-eabi/lib/thumb\libg.a(lib_a-signal.o)
                0x02024b78                _init_signal_r
                0x02024bb8                _signal_r
                0x02024bf8                _raise_r
                0x02024c58                __sigtramp_r
                0x02024cac                raise
                0x02024cc4                signal
                0x02024ce0                _init_signal
                0x02024cf4                __sigtramp
 .text          0x02024d10       0xa0 c:/users/riedle/nds/devkitpro/devkitarm/bin/../lib/gcc/arm-none-eabi/4.7.1/../../../../arm-none-eabi/lib/thumb\libg.a(lib_a-siscanf.o)
                0x02024d10                siscanf
                0x02024d60                _siscanf_r
 .text          0x02024db0       0x84 c:/users/riedle/nds/devkitpro/devkitarm/bin/../lib/gcc/arm-none-eabi/4.7.1/../../../../arm-none-eabi/lib/thumb\libg.a(lib_a-sprintf.o)
                0x02024db0                _sprintf_r
                0x02024df0                sprintf
 .text          0x02024e34       0xac c:/users/riedle/nds/devkitpro/devkitarm/bin/../lib/gcc/arm-none-eabi/4.7.1/../../../../arm-none-eabi/lib/thumb\libg.a(lib_a-stdio.o)
                0x02024e34                __sread
                0x02024e60                __seofread
                0x02024e64                __swrite
                0x02024ea0                __sseek
                0x02024ed0                __sclose
 .text          0x02024ee0       0x50 c:/users/riedle/nds/devkitpro/devkitarm/bin/../lib/gcc/arm-none-eabi/4.7.1/../../../../arm-none-eabi/lib/thumb\libg.a(lib_a-strcasecmp.o)
                0x02024ee0                strcasecmp
 .text          0x02024f30       0x50 c:/users/riedle/nds/devkitpro/devkitarm/bin/../lib/gcc/arm-none-eabi/4.7.1/../../../../arm-none-eabi/lib/thumb\libg.a(lib_a-strcat.o)
                0x02024f30                strcat
 .text          0x02024f80       0xd4 c:/users/riedle/nds/devkitpro/devkitarm/bin/../lib/gcc/arm-none-eabi/4.7.1/../../../../arm-none-eabi/lib/thumb\libg.a(lib_a-strchr.o)
                0x02024f80                strchr
 .text          0x02025054       0x14 c:/users/riedle/nds/devkitpro/devkitarm/bin/../lib/gcc/arm-none-eabi/4.7.1/../../../../arm-none-eabi/lib/thumb\libg.a(lib_a-strcmp.o)
                0x02025054                strcmp
 .text          0x02025068        0xc c:/users/riedle/nds/devkitpro/devkitarm/bin/../lib/gcc/arm-none-eabi/4.7.1/../../../../arm-none-eabi/lib/thumb\libg.a(lib_a-strcoll.o)
                0x02025068                strcoll
 .text          0x02025074       0x10 c:/users/riedle/nds/devkitpro/devkitarm/bin/../lib/gcc/arm-none-eabi/4.7.1/../../../../arm-none-eabi/lib/thumb\libg.a(lib_a-strcpy.o)
                0x02025074                strcpy
 .text          0x02025084      0x2a8 c:/users/riedle/nds/devkitpro/devkitarm/bin/../lib/gcc/arm-none-eabi/4.7.1/../../../../arm-none-eabi/lib/thumb\libg.a(lib_a-strerror.o)
                0x02025084                _strerror_r
                0x02025310                strerror
 .text          0x0202532c      0xa9c c:/users/riedle/nds/devkitpro/devkitarm/bin/../lib/gcc/arm-none-eabi/4.7.1/../../../../arm-none-eabi/lib/thumb\libg.a(lib_a-strftime.o)
                0x02025404                strftime
 .text          0x02025dc8       0x48 c:/users/riedle/nds/devkitpro/devkitarm/bin/../lib/gcc/arm-none-eabi/4.7.1/../../../../arm-none-eabi/lib/thumb\libg.a(lib_a-strlcpy.o)
                0x02025dc8                strlcpy
 .text          0x02025e10       0x10 c:/users/riedle/nds/devkitpro/devkitarm/bin/../lib/gcc/arm-none-eabi/4.7.1/../../../../arm-none-eabi/lib/thumb\libg.a(lib_a-strlen.o)
                0x02025e10                strlen
 .text          0x02025e20       0x60 c:/users/riedle/nds/devkitpro/devkitarm/bin/../lib/gcc/arm-none-eabi/4.7.1/../../../../arm-none-eabi/lib/thumb\libg.a(lib_a-strncasecmp.o)
                0x02025e20                strncasecmp
 .text          0x02025e80       0xbc c:/users/riedle/nds/devkitpro/devkitarm/bin/../lib/gcc/arm-none-eabi/4.7.1/../../../../arm-none-eabi/lib/thumb\libg.a(lib_a-strncmp.o)
                0x02025e80                strncmp
 .text          0x02025f3c       0x60 c:/users/riedle/nds/devkitpro/devkitarm/bin/../lib/gcc/arm-none-eabi/4.7.1/../../../../arm-none-eabi/lib/thumb\libg.a(lib_a-strncpy.o)
                0x02025f3c                strncpy
 .text          0x02025f9c       0x50 c:/users/riedle/nds/devkitpro/devkitarm/bin/../lib/gcc/arm-none-eabi/4.7.1/../../../../arm-none-eabi/lib/thumb\libg.a(lib_a-strpbrk.o)
                0x02025f9c                strpbrk
 .text          0x02025fec       0x3c c:/users/riedle/nds/devkitpro/devkitarm/bin/../lib/gcc/arm-none-eabi/4.7.1/../../../../arm-none-eabi/lib/thumb\libg.a(lib_a-strspn.o)
                0x02025fec                strspn
 .text          0x02026028      0x4e8 c:/users/riedle/nds/devkitpro/devkitarm/bin/../lib/gcc/arm-none-eabi/4.7.1/../../../../arm-none-eabi/lib/thumb\libg.a(lib_a-strstr.o)
                0x020262ec                strstr
 .text          0x02026510      0xee8 c:/users/riedle/nds/devkitpro/devkitarm/bin/../lib/gcc/arm-none-eabi/4.7.1/../../../../arm-none-eabi/lib/thumb\libg.a(lib_a-strtod.o)
                0x02026510                _strtod_r
                0x020273a4                strtod
                0x020273c0                strtof
 .text          0x020273f8      0x190 c:/users/riedle/nds/devkitpro/devkitarm/bin/../lib/gcc/arm-none-eabi/4.7.1/../../../../arm-none-eabi/lib/thumb\libg.a(lib_a-strtol.o)
                0x020273f8                _strtol_r
                0x02027568                strtol
 .text          0x02027588      0x198 c:/users/riedle/nds/devkitpro/devkitarm/bin/../lib/gcc/arm-none-eabi/4.7.1/../../../../arm-none-eabi/lib/thumb\libg.a(lib_a-strtoul.o)
                0x02027588                _strtoul_r
                0x02027700                strtoul
 .text          0x02027720      0xa98 c:/users/riedle/nds/devkitpro/devkitarm/bin/../lib/gcc/arm-none-eabi/4.7.1/../../../../arm-none-eabi/lib/thumb\libg.a(lib_a-svfiscanf.o)
                0x02027720                _sungetc_r
                0x020277a8                __ssrefill_r
                0x020277ec                _sfread_r
                0x02027878                __ssvfiscanf_r
 .text          0x020281b8     0x1728 c:/users/riedle/nds/devkitpro/devkitarm/bin/../lib/gcc/arm-none-eabi/4.7.1/../../../../arm-none-eabi/lib/thumb\libg.a(lib_a-svfprintf.o)
                0x020281b8                _svfprintf_r
 .text          0x020298e0       0x34 c:/users/riedle/nds/devkitpro/devkitarm/bin/../lib/gcc/arm-none-eabi/4.7.1/../../../../arm-none-eabi/lib/thumb\libg.a(lib_a-system.o)
                0x020298e0                _system_r
                0x020298fc                system
 .text          0x02029914       0x20 c:/users/riedle/nds/devkitpro/devkitarm/bin/../lib/gcc/arm-none-eabi/4.7.1/../../../../arm-none-eabi/lib/thumb\libg.a(lib_a-syswrite.o)
                0x02029914                write
 .text          0x02029934       0x54 c:/users/riedle/nds/devkitpro/devkitarm/bin/../lib/gcc/arm-none-eabi/4.7.1/../../../../arm-none-eabi/lib/thumb\libg.a(lib_a-timelocal.o)
                0x02029934                __get_current_time_locale
                0x02029954                __time_load_locale
 .text          0x02029988       0x30 c:/users/riedle/nds/devkitpro/devkitarm/bin/../lib/gcc/arm-none-eabi/4.7.1/../../../../arm-none-eabi/lib/thumb\libg.a(lib_a-time.o)
                0x02029988                time
 .text          0x020299b8       0x90 c:/users/riedle/nds/devkitpro/devkitarm/bin/../lib/gcc/arm-none-eabi/4.7.1/../../../../arm-none-eabi/lib/thumb\libg.a(lib_a-tmpfile.o)
                0x020299b8                _tmpfile_r
                0x02029a34                tmpfile
 .text          0x02029a48      0x17c c:/users/riedle/nds/devkitpro/devkitarm/bin/../lib/gcc/arm-none-eabi/4.7.1/../../../../arm-none-eabi/lib/thumb\libg.a(lib_a-tmpnam.o)
                0x02029ac8                _tmpnam_r
                0x02029b14                _tempnam_r
                0x02029b90                tempnam
                0x02029bac                tmpnam
 .text          0x02029bc4        0x8 c:/users/riedle/nds/devkitpro/devkitarm/bin/../lib/gcc/arm-none-eabi/4.7.1/../../../../arm-none-eabi/lib/thumb\libg.a(lib_a-tzlock.o)
                0x02029bc4                __tz_lock
                0x02029bc8                __tz_unlock
 .text          0x02029bcc        0x0 c:/users/riedle/nds/devkitpro/devkitarm/bin/../lib/gcc/arm-none-eabi/4.7.1/../../../../arm-none-eabi/lib/thumb\libg.a(lib_a-tzvars.o)
 .text          0x02029bcc      0x188 c:/users/riedle/nds/devkitpro/devkitarm/bin/../lib/gcc/arm-none-eabi/4.7.1/../../../../arm-none-eabi/lib/thumb\libg.a(lib_a-ungetc.o)
                0x02029bcc                __submore
                0x02029c54                _ungetc_r
                0x02029d38                ungetc
 .text          0x02029d54        0x4 c:/users/riedle/nds/devkitpro/devkitarm/bin/../lib/gcc/arm-none-eabi/4.7.1/../../../../arm-none-eabi/lib/thumb\libg.a(lib_a-u_strerr.o)
                0x02029d54                _user_strerror
 .text          0x02029d58      0xed4 c:/users/riedle/nds/devkitpro/devkitarm/bin/../lib/gcc/arm-none-eabi/4.7.1/../../../../arm-none-eabi/lib/thumb\libg.a(lib_a-vfiprintf.o)
                0x02029d58                __sprint_r
                0x02029ddc                _vfiprintf_r
                0x0202ac08                vfiprintf
 *fill*         0x0202ac2c        0x4 ff
 .text          0x0202ac30     0x17e0 c:/users/riedle/nds/devkitpro/devkitarm/bin/../lib/gcc/arm-none-eabi/4.7.1/../../../../arm-none-eabi/lib/thumb\libg.a(lib_a-vfprintf.o)
                0x0202ac30                _vfprintf_r
                0x0202c3e8                vfprintf
 .text          0x0202c410      0xe44 c:/users/riedle/nds/devkitpro/devkitarm/bin/../lib/gcc/arm-none-eabi/4.7.1/../../../../arm-none-eabi/lib/thumb\libg.a(lib_a-vfscanf.o)
                0x0202c410                __svfscanf_r
                0x0202d1d4                _vfscanf_r
                0x0202d200                __svfscanf
                0x0202d220                vfscanf
 .text          0x0202d254       0xd0 c:/users/riedle/nds/devkitpro/devkitarm/bin/../lib/gcc/arm-none-eabi/4.7.1/../../../../arm-none-eabi/lib/thumb\libg.a(lib_a-wbuf.o)
                0x0202d254                __swbuf_r
                0x0202d308                __swbuf
 .text          0x0202d324       0xe8 c:/users/riedle/nds/devkitpro/devkitarm/bin/../lib/gcc/arm-none-eabi/4.7.1/../../../../arm-none-eabi/lib/thumb\libg.a(lib_a-wcrtomb.o)
                0x0202d324                _wcrtomb_r
                0x0202d38c                wcrtomb
 .text          0x0202d40c       0x40 c:/users/riedle/nds/devkitpro/devkitarm/bin/../lib/gcc/arm-none-eabi/4.7.1/../../../../arm-none-eabi/lib/thumb\libg.a(lib_a-wcsrtombs.o)
                0x0202d40c                _wcsrtombs_r
                0x0202d424                wcsrtombs
 .text          0x0202d44c      0x2a4 c:/users/riedle/nds/devkitpro/devkitarm/bin/../lib/gcc/arm-none-eabi/4.7.1/../../../../arm-none-eabi/lib/thumb\libg.a(lib_a-wctomb_r.o)
                0x0202d44c                __utf8_wctomb
                0x0202d500                _wctomb_r
                0x0202d538                __ascii_wctomb
                0x0202d558                __sjis_wctomb
                0x0202d5d4                __eucjp_wctomb
                0x0202d670                __jis_wctomb
 .text          0x0202d6f0       0xd0 c:/users/riedle/nds/devkitpro/devkitarm/bin/../lib/gcc/arm-none-eabi/4.7.1/../../../../arm-none-eabi/lib/thumb\libg.a(lib_a-wsetup.o)
                0x0202d6f0                __swsetup_r
 .text          0x0202d7c0        0x8 c:/users/riedle/nds/devkitpro/devkitarm/bin/../lib/gcc/arm-none-eabi/4.7.1/../../../../arm-none-eabi/lib/thumb\libg.a(lib_a-abs.o)
                0x0202d7c0                abs
 .text          0x0202d7c8      0x10c c:/users/riedle/nds/devkitpro/devkitarm/bin/../lib/gcc/arm-none-eabi/4.7.1/../../../../arm-none-eabi/lib/thumb\libg.a(lib_a-__call_atexit.o)
                0x0202d7c8                __call_exitprocs
 .text          0x0202d8d4       0x40 c:/users/riedle/nds/devkitpro/devkitarm/bin/../lib/gcc/arm-none-eabi/4.7.1/../../../../arm-none-eabi/lib/thumb\libg.a(lib_a-div.o)
                0x0202d8d4                div
 *fill*         0x0202d914        0x4 ff
 .text          0x0202d918     0x10a0 c:/users/riedle/nds/devkitpro/devkitarm/bin/../lib/gcc/arm-none-eabi/4.7.1/../../../../arm-none-eabi/lib/thumb\libg.a(lib_a-dtoa.o)
                0x0202da70                _dtoa_r
 .text          0x0202e9b8        0x0 c:/users/riedle/nds/devkitpro/devkitarm/bin/../lib/gcc/arm-none-eabi/4.7.1/../../../../arm-none-eabi/lib/thumb\libg.a(lib_a-environ.o)
 .text          0x0202e9b8        0x8 c:/users/riedle/nds/devkitpro/devkitarm/bin/../lib/gcc/arm-none-eabi/4.7.1/../../../../arm-none-eabi/lib/thumb\libg.a(lib_a-envlock.o)
                0x0202e9b8                __env_lock
                0x0202e9bc                __env_unlock
 .text          0x0202e9c0       0x6c c:/users/riedle/nds/devkitpro/devkitarm/bin/../lib/gcc/arm-none-eabi/4.7.1/../../../../arm-none-eabi/lib/thumb\libg.a(lib_a-fdopen.o)
                0x0202e9c0                _fdopen_r
                0x0202ea10                fdopen
 .text          0x0202ea2c       0x70 c:/users/riedle/nds/devkitpro/devkitarm/bin/../lib/gcc/arm-none-eabi/4.7.1/../../../../arm-none-eabi/lib/thumb\libg.a(lib_a-flags.o)
                0x0202ea2c                __sflags
 .text          0x0202ea9c      0x104 c:/users/riedle/nds/devkitpro/devkitarm/bin/../lib/gcc/arm-none-eabi/4.7.1/../../../../arm-none-eabi/lib/thumb\libg.a(lib_a-fputwc.o)
                0x0202ea9c                _fputwc_r
                0x0202eb74                fputwc
 .text          0x0202eba0      0x66c c:/users/riedle/nds/devkitpro/devkitarm/bin/../lib/gcc/arm-none-eabi/4.7.1/../../../../arm-none-eabi/lib/thumb\libg.a(lib_a-gdtoa-gethex.o)
                0x0202ec64                __hexdig_init
                0x0202ecbc                __gethex
 .text          0x0202f20c      0x1dc c:/users/riedle/nds/devkitpro/devkitarm/bin/../lib/gcc/arm-none-eabi/4.7.1/../../../../arm-none-eabi/lib/thumb\libg.a(lib_a-gdtoa-hexnan.o)
                0x0202f20c                __hexnan
 .text          0x0202f3e8        0x8 c:/users/riedle/nds/devkitpro/devkitarm/bin/../lib/gcc/arm-none-eabi/4.7.1/../../../../arm-none-eabi/lib/thumb\libg.a(lib_a-gettzinfo.o)
                0x0202f3e8                __gettzinfo
 .text          0x0202f3f0       0x78 c:/users/riedle/nds/devkitpro/devkitarm/bin/../lib/gcc/arm-none-eabi/4.7.1/../../../../arm-none-eabi/lib/thumb\libg.a(lib_a-iswspace.o)
                0x0202f3f0                iswspace
 .text          0x0202f468      0x1f0 c:/users/riedle/nds/devkitpro/devkitarm/bin/../lib/gcc/arm-none-eabi/4.7.1/../../../../arm-none-eabi/lib/thumb\libg.a(lib_a-jp2uc.o)
                0x0202f5f4                _jp2uc
 .text          0x0202f658        0x8 c:/users/riedle/nds/devkitpro/devkitarm/bin/../lib/gcc/arm-none-eabi/4.7.1/../../../../arm-none-eabi/lib/thumb\libg.a(lib_a-labs.o)
                0x0202f658                labs
 .text          0x0202f660      0x1f4 c:/users/riedle/nds/devkitpro/devkitarm/bin/../lib/gcc/arm-none-eabi/4.7.1/../../../../arm-none-eabi/lib/thumb\libg.a(lib_a-ldpart.o)
                0x0202f660                __part_load_locale
 .text          0x0202f854      0x104 c:/users/riedle/nds/devkitpro/devkitarm/bin/../lib/gcc/arm-none-eabi/4.7.1/../../../../arm-none-eabi/lib/thumb\libg.a(lib_a-mbrtowc.o)
                0x0202f854                _mbrtowc_r
                0x0202f8cc                mbrtowc
 .text          0x0202f958      0x978 c:/users/riedle/nds/devkitpro/devkitarm/bin/../lib/gcc/arm-none-eabi/4.7.1/../../../../arm-none-eabi/lib/thumb\libg.a(lib_a-mprec.o)
                0x0202f958                _Balloc
                0x0202f9ac                _Bfree
                0x0202f9c4                __multadd
                0x0202fa70                __s2b
                0x0202fb0c                __hi0bits
                0x0202fb44                __lo0bits
                0x0202fba4                __i2b
                0x0202fbbc                __multiply
                0x0202fd20                __pow5mult
                0x0202fdd0                __lshift
                0x0202fea0                __mcmp
                0x0202fedc                __mdiff
                0x0202ffcc                __ulp
                0x02030014                __b2d
                0x020300b8                __d2b
                0x02030170                __ratio
                0x020301ec                _mprec_log10
                0x0203022c                __copybits
                0x02030274                __any_on
 .text          0x020302d0       0x7c c:/users/riedle/nds/devkitpro/devkitarm/bin/../lib/gcc/arm-none-eabi/4.7.1/../../../../arm-none-eabi/lib/thumb\libg.a(lib_a-sccl.o)
                0x020302d0                __sccl
 .text          0x0203034c        0x8 c:/users/riedle/nds/devkitpro/devkitarm/bin/../lib/gcc/arm-none-eabi/4.7.1/../../../../arm-none-eabi/lib/thumb\libg.a(lib_a-sf_nan.o)
                0x0203034c                nanf
 .text          0x02030354       0xcc c:/users/riedle/nds/devkitpro/devkitarm/bin/../lib/gcc/arm-none-eabi/4.7.1/../../../../arm-none-eabi/lib/thumb\libg.a(lib_a-sniprintf.o)
                0x02030354                _sniprintf_r
                0x020303b8                sniprintf
 .text          0x02030420      0x208 c:/users/riedle/nds/devkitpro/devkitarm/bin/../lib/gcc/arm-none-eabi/4.7.1/../../../../arm-none-eabi/lib/thumb\libg.a(lib_a-strtoll_r.o)
                0x02030420                _strtoll_r
 .text          0x02030628      0x238 c:/users/riedle/nds/devkitpro/devkitarm/bin/../lib/gcc/arm-none-eabi/4.7.1/../../../../arm-none-eabi/lib/thumb\libg.a(lib_a-strtoull_r.o)
                0x02030628                _strtoull_r
 .text          0x02030860      0xeb4 c:/users/riedle/nds/devkitpro/devkitarm/bin/../lib/gcc/arm-none-eabi/4.7.1/../../../../arm-none-eabi/lib/thumb\libg.a(lib_a-svfiprintf.o)
                0x02030860                __ssprint_r
                0x02030990                _svfiprintf_r
 .text          0x02031714       0x18 c:/users/riedle/nds/devkitpro/devkitarm/bin/../lib/gcc/arm-none-eabi/4.7.1/../../../../arm-none-eabi/lib/thumb\libg.a(lib_a-sysclose.o)
                0x02031714                close
 .text          0x0203172c       0x1c c:/users/riedle/nds/devkitpro/devkitarm/bin/../lib/gcc/arm-none-eabi/4.7.1/../../../../arm-none-eabi/lib/thumb\libg.a(lib_a-sysfstat.o)
                0x0203172c                fstat
 .text          0x02031748       0x24 c:/users/riedle/nds/devkitpro/devkitarm/bin/../lib/gcc/arm-none-eabi/4.7.1/../../../../arm-none-eabi/lib/thumb\libg.a(lib_a-sysopen.o)
                0x02031748                open
 .text          0x0203176c       0x20 c:/users/riedle/nds/devkitpro/devkitarm/bin/../lib/gcc/arm-none-eabi/4.7.1/../../../../arm-none-eabi/lib/thumb\libg.a(lib_a-sysread.o)
                0x0203176c                read
 .text          0x0203178c      0x150 c:/users/riedle/nds/devkitpro/devkitarm/bin/../lib/gcc/arm-none-eabi/4.7.1/../../../../arm-none-eabi/lib/thumb\libg.a(lib_a-wcsnrtombs.o)
                0x0203178c                _wcsnrtombs_r
                0x020318ac                wcsnrtombs
 .text          0x020318dc       0x64 c:/users/riedle/nds/devkitpro/devkitarm/bin/../lib/gcc/arm-none-eabi/4.7.1/../../../../arm-none-eabi/lib/thumb\libg.a(lib_a-callocr.o)
                0x020318dc                _calloc_r
 .text          0x02031940      0x144 c:/users/riedle/nds/devkitpro/devkitarm/bin/../lib/gcc/arm-none-eabi/4.7.1/../../../../arm-none-eabi/lib/thumb\libsysbase.a(iosupport.o)
                0x02031940                setDefaultDevice
                0x02031954                FindDevice
                0x020319c4                RemoveDevice
                0x020319e8                AddDevice
                0x02031a64                GetDeviceOpTab
 .text          0x02031a84       0x50 c:/users/riedle/nds/devkitpro/devkitarm/bin/../lib/gcc/arm-none-eabi/4.7.1/../../../../arm-none-eabi/lib/thumb\libsysbase.a(close.o)
                0x02031a84                _close_r
 .text          0x02031ad4       0x50 c:/users/riedle/nds/devkitpro/devkitarm/bin/../lib/gcc/arm-none-eabi/4.7.1/../../../../arm-none-eabi/lib/thumb\libsysbase.a(fstat.o)
                0x02031ad4                _fstat_r
 .text          0x02031b24        0xc c:/users/riedle/nds/devkitpro/devkitarm/bin/../lib/gcc/arm-none-eabi/4.7.1/../../../../arm-none-eabi/lib/thumb\libsysbase.a(getpid.o)
                0x02031b24                _getpid_r
 .text          0x02031b30        0x4 c:/users/riedle/nds/devkitpro/devkitarm/bin/../lib/gcc/arm-none-eabi/4.7.1/../../../../arm-none-eabi/lib/thumb\libsysbase.a(isatty.o)
                0x02031b30                _isatty_r
 .text          0x02031b34        0xc c:/users/riedle/nds/devkitpro/devkitarm/bin/../lib/gcc/arm-none-eabi/4.7.1/../../../../arm-none-eabi/lib/thumb\libsysbase.a(kill.o)
                0x02031b34                _kill_r
 .text          0x02031b40       0x50 c:/users/riedle/nds/devkitpro/devkitarm/bin/../lib/gcc/arm-none-eabi/4.7.1/../../../../arm-none-eabi/lib/thumb\libsysbase.a(lseek.o)
                0x02031b40                _lseek_r
 .text          0x02031b90       0xa0 c:/users/riedle/nds/devkitpro/devkitarm/bin/../lib/gcc/arm-none-eabi/4.7.1/../../../../arm-none-eabi/lib/thumb\libsysbase.a(open.o)
                0x02031b90                _open_r
 .text          0x02031c30       0x50 c:/users/riedle/nds/devkitpro/devkitarm/bin/../lib/gcc/arm-none-eabi/4.7.1/../../../../arm-none-eabi/lib/thumb\libsysbase.a(read.o)
                0x02031c30                _read_r
 .text          0x02031c80       0x54 c:/users/riedle/nds/devkitpro/devkitarm/bin/../lib/gcc/arm-none-eabi/4.7.1/../../../../arm-none-eabi/lib/thumb\libsysbase.a(sbrk.o)
                0x02031c80                _sbrk_r
 .text          0x02031cd4       0x44 c:/users/riedle/nds/devkitpro/devkitarm/bin/../lib/gcc/arm-none-eabi/4.7.1/../../../../arm-none-eabi/lib/thumb\libsysbase.a(times.o)
                0x02031cd4                _times
                0x02031ce8                _times_r
                0x02031cf0                _gettimeofday_r
 .text          0x02031d18       0x3c c:/users/riedle/nds/devkitpro/devkitarm/bin/../lib/gcc/arm-none-eabi/4.7.1/../../../../arm-none-eabi/lib/thumb\libsysbase.a(unlink.o)
                0x02031d18                _unlink_r
 .text          0x02031d54       0x58 c:/users/riedle/nds/devkitpro/devkitarm/bin/../lib/gcc/arm-none-eabi/4.7.1/../../../../arm-none-eabi/lib/thumb\libsysbase.a(write.o)
                0x02031d54                _write_r
 .text          0x02031dac       0x18 c:/users/riedle/nds/devkitpro/devkitarm/bin/../lib/gcc/arm-none-eabi/4.7.1/../../../../arm-none-eabi/lib/thumb\libsysbase.a(_exit.o)
                0x02031dac                _exit
 .text          0x02031dc4        0x0 c:/users/riedle/nds/devkitpro/devkitarm/bin/../lib/gcc/arm-none-eabi/4.7.1/../../../../arm-none-eabi/lib/thumb\libsysbase.a(malloc_vars.o)
 .text          0x02031dc4       0x58 c:/users/riedle/nds/devkitpro/devkitarm/bin/../lib/gcc/arm-none-eabi/4.7.1/../../../../arm-none-eabi/lib/thumb\libsysbase.a(rename.o)
                0x02031dc4                _rename_r
 .text          0x02031e1c       0x4c c:/users/riedle/nds/devkitpro/devkitarm/bin/../lib/gcc/arm-none-eabi/4.7.1/../../../../arm-none-eabi/lib/thumb\libsysbase.a(build_argv.o)
                0x02031e1c                build_argv
 .text          0x02031e68        0x0 c:/users/riedle/nds/devkitpro/devkitarm/bin/../lib/gcc/arm-none-eabi/4.7.1/../../../../arm-none-eabi/lib/thumb\libsysbase.a(syscall_support.o)
 .text          0x02031e68       0x84 c:/users/riedle/nds/devkitpro/devkitarm/bin/../lib/gcc/arm-none-eabi/4.7.1/../../../../arm-none-eabi/lib/thumb\libsysbase.a(handle_manager.o)
                0x02031e68                __release_handle
                0x02031e94                __alloc_handle
                0x02031ecc                __get_handle
 .text          0x02031eec       0xa0 c:/users/riedle/nds/devkitpro/devkitarm/bin/../lib/gcc/arm-none-eabi/4.7.1/thumb\libgcc.a(_arm_truncdfsf2.o)
                0x02031eec                __truncdfsf2
                0x02031eec                __aeabi_d2f
 .text          0x02031f8c       0x3c c:/users/riedle/nds/devkitpro/devkitarm/bin/../lib/gcc/arm-none-eabi/4.7.1/thumb\libgcc.a(_aeabi_uldivmod.o)
                0x02031f8c                __aeabi_uldivmod
 .text          0x02031fc8       0x4c c:/users/riedle/nds/devkitpro/devkitarm/bin/../lib/gcc/arm-none-eabi/4.7.1/thumb\libgcc.a(_muldi3.o)
                0x02031fc8                __muldi3
                0x02031fc8                __aeabi_lmul
 .text          0x02032014       0x7c c:/users/riedle/nds/devkitpro/devkitarm/bin/../lib/gcc/arm-none-eabi/4.7.1/thumb\libgcc.a(bpabi.o)
                0x02032014                __gnu_ldivmod_helper
                0x02032054                __gnu_uldivmod_helper
 .text          0x02032090      0x3d4 c:/users/riedle/nds/devkitpro/devkitarm/bin/../lib/gcc/arm-none-eabi/4.7.1/thumb\libgcc.a(_divdi3.o)
                0x02032090                __divdi3
 .text          0x02032464      0x3a0 c:/users/riedle/nds/devkitpro/devkitarm/bin/../lib/gcc/arm-none-eabi/4.7.1/thumb\libgcc.a(_udivdi3.o)
                0x02032464                __udivdi3
 .text          0x02032804       0x48 c:/users/riedle/nds/devkitpro/devkitarm/bin/../lib/gcc/arm-none-eabi/4.7.1/thumb\libgcc.a(_clzsi2.o)
                0x02032804                __clzsi2
 .text          0x0203284c        0x0 c:/users/riedle/nds/devkitpro/devkitarm/bin/../lib/gcc/arm-none-eabi/4.7.1/thumb/crtend.o
 .text          0x0203284c        0x0 c:/users/riedle/nds/devkitpro/devkitarm/bin/../lib/gcc/arm-none-eabi/4.7.1/thumb/crtn.o
 *(.text.*)
 *fill*         0x0203284c        0x4 ff
 .text._ZN4LunaI6objectE11constructorEP9lua_State
                0x02032850      0x148 main.o
                0x02032850                Luna<object>::constructor(lua_State*)
 .text._ZN6object6getNeuEP9lua_State
                0x02032998      0x148 main.o
                0x02032998                object::getNeu(lua_State*)
 .text._ZN4LunaI6objectE17function_dispatchEP9lua_State
                0x02032ae0       0x78 main.o
                0x02032ae0                Luna<object>::function_dispatch(lua_State*)
 .text._ZN6object4setTEP9lua_State
                0x02032b58       0x14 main.o
                0x02032b58                object::setT(lua_State*)
 .text._ZN4LunaI6objectE6gc_objEP9lua_State
                0x02032b6c       0x2c main.o
                0x02032b6c                Luna<object>::gc_obj(lua_State*)
 .text._ZN4LunaI6objectE15property_setterEP9lua_State
                0x02032b98       0xb8 main.o
                0x02032b98                Luna<object>::property_setter(lua_State*)
 .text._ZN4LunaI6objectE15property_getterEP9lua_State
                0x02032c50       0xb0 main.o
                0x02032c50                Luna<object>::property_getter(lua_State*)
 .text._ZN4LunaI6objectE8RegisterEP9lua_StatePKc
                0x02032d00       0xc4 main.o
                0x02032d00                Luna<object>::Register(lua_State*, char const*)
 .text.startup  0x02032dc4       0x48 main.o
                0x02032dc4                main
 .text.unlikely
                0x02032e0c       0x38 ldo.o
 .text.unlikely
                0x02032e44       0x3c llex.o
 .text.unlikely
                0x02032e80       0x48 lparser.o
 .text._Znwj    0x02032ec8       0x60 c:/users/riedle/nds/devkitpro/devkitarm/bin/../lib/gcc/arm-none-eabi/4.7.1/../../../../arm-none-eabi/lib/thumb\libstdc++.a(new_op.o)
                0x02032ec8                operator new(unsigned int)
 .text._ZN10__cxxabiv1L24__is_gxx_exception_classEPc
                0x02032f28       0x40 c:/users/riedle/nds/devkitpro/devkitarm/bin/../lib/gcc/arm-none-eabi/4.7.1/../../../../arm-none-eabi/lib/thumb\libstdc++.a(eh_call.o)
 .text.__cxa_call_terminate
                0x02032f68       0x24 c:/users/riedle/nds/devkitpro/devkitarm/bin/../lib/gcc/arm-none-eabi/4.7.1/../../../../arm-none-eabi/lib/thumb\libstdc++.a(eh_call.o)
                0x02032f68                __cxa_call_terminate
 .text.__cxa_call_unexpected
                0x02032f8c       0xec c:/users/riedle/nds/devkitpro/devkitarm/bin/../lib/gcc/arm-none-eabi/4.7.1/../../../../arm-none-eabi/lib/thumb\libstdc++.a(eh_call.o)
                0x02032f8c                __cxa_call_unexpected
 .text._ZL12read_sleb128PKhPl
                0x02033078       0x34 c:/users/riedle/nds/devkitpro/devkitarm/bin/../lib/gcc/arm-none-eabi/4.7.1/../../../../arm-none-eabi/lib/thumb\libstdc++.a(eh_personality.o)
 .text._ZL28read_encoded_value_with_basehjPKhPj
                0x020330ac       0xd8 c:/users/riedle/nds/devkitpro/devkitarm/bin/../lib/gcc/arm-none-eabi/4.7.1/../../../../arm-none-eabi/lib/thumb\libstdc++.a(eh_personality.o)
 .text._ZL21base_of_encoded_valuehP15_Unwind_Context
                0x02033184       0x4c c:/users/riedle/nds/devkitpro/devkitarm/bin/../lib/gcc/arm-none-eabi/4.7.1/../../../../arm-none-eabi/lib/thumb\libstdc++.a(eh_personality.o)
 .text._ZL17parse_lsda_headerP15_Unwind_ContextPKhP16lsda_header_info
                0x020331d0       0x98 c:/users/riedle/nds/devkitpro/devkitarm/bin/../lib/gcc/arm-none-eabi/4.7.1/../../../../arm-none-eabi/lib/thumb\libstdc++.a(eh_personality.o)
 .text.__gxx_personality_v0